pybullet build time: Nov 28 2023 23:51:11
CUDA is available: True
Number of CUDA devices available: 8
Default CUDA device: NVIDIA GeForce RTX 3090
CUDA device 0: NVIDIA GeForce RTX 3090
CUDA device 1: NVIDIA GeForce RTX 3090
CUDA device 2: NVIDIA GeForce RTX 3090
CUDA device 3: NVIDIA GeForce RTX 3090
CUDA device 4: NVIDIA GeForce RTX 3090
CUDA device 5: NVIDIA GeForce RTX 3090
CUDA device 6: NVIDIA GeForce RTX 3090
CUDA device 7: NVIDIA GeForce RTX 3090
25-03-22.14:10|Variant:
25-03-22.14:10|{
  "env": "halfcheetah",
  "dataset": "medium",
  "mode": "normal",
  "K": 20,
  "pct_traj": 1.0,
  "batch_size": 64,
  "model_type": "dt",
  "embed_dim": 128,
  "n_layer": 1,
  "n_head": 1,
  "activation_function": "relu",
  "dropout": 0.1,
  "learning_rate": 0.001,
  "weight_decay": 0.0001,
  "warmup_steps": 10000,
  "num_eval_episodes": 10,
  "max_iters": 100,
  "num_steps_per_iter": 500,
  "device": "cuda:3",
  "log_to_wandb": false,
  "save_path": "./save/"
}
25-03-22.14:10|[gym-experiment-halfcheetah-medium-880782] ==================================================
25-03-22.14:10|[gym-experiment-halfcheetah-medium-880782] Starting new experiment: halfcheetah medium
25-03-22.14:10|[gym-experiment-halfcheetah-medium-880782] 1000 trajectories, 1000000 timesteps found
25-03-22.14:10|[gym-experiment-halfcheetah-medium-880782] Average return: 4770.33, std: 355.75
25-03-22.14:10|[gym-experiment-halfcheetah-medium-880782] Max return: 5309.38, min: -310.23
25-03-22.14:10|[gym-experiment-halfcheetah-medium-880782] ==================================================
pybullet build time: Nov 28 2023 23:51:11
CUDA is available: True
Number of CUDA devices available: 8
Default CUDA device: NVIDIA GeForce RTX 3090
CUDA device 0: NVIDIA GeForce RTX 3090
CUDA device 1: NVIDIA GeForce RTX 3090
CUDA device 2: NVIDIA GeForce RTX 3090
CUDA device 3: NVIDIA GeForce RTX 3090
CUDA device 4: NVIDIA GeForce RTX 3090
CUDA device 5: NVIDIA GeForce RTX 3090
CUDA device 6: NVIDIA GeForce RTX 3090
CUDA device 7: NVIDIA GeForce RTX 3090
25-03-22.14:11|Variant:
25-03-22.14:11|{
  "env": "halfcheetah",
  "dataset": "medium",
  "mode": "normal",
  "K": 20,
  "pct_traj": 1.0,
  "batch_size": 64,
  "model_type": "dt",
  "embed_dim": 128,
  "n_layer": 1,
  "n_head": 1,
  "activation_function": "relu",
  "dropout": 0.1,
  "learning_rate": 0.001,
  "weight_decay": 0.0001,
  "warmup_steps": 10000,
  "num_eval_episodes": 10,
  "max_iters": 100,
  "num_steps_per_iter": 500,
  "device": "cuda:3",
  "log_to_wandb": false,
  "save_path": "./save/"
}
25-03-22.14:11|[gym-experiment-halfcheetah-medium-381434] ==================================================
25-03-22.14:11|[gym-experiment-halfcheetah-medium-381434] Starting new experiment: halfcheetah medium
25-03-22.14:11|[gym-experiment-halfcheetah-medium-381434] 1000 trajectories, 1000000 timesteps found
25-03-22.14:11|[gym-experiment-halfcheetah-medium-381434] Average return: 4770.33, std: 355.75
25-03-22.14:11|[gym-experiment-halfcheetah-medium-381434] Max return: 5309.38, min: -310.23
25-03-22.14:11|[gym-experiment-halfcheetah-medium-381434] ==================================================
================================================================================
Iteration 1
25-03-22.14:22|[gym-experiment-halfcheetah-medium-880782] ================================================================================
25-03-22.14:22|[gym-experiment-halfcheetah-medium-880782] Iteration 1
25-03-22.14:22|[gym-experiment-halfcheetah-medium-880782] time/training: 98.41772222518921
25-03-22.14:22|[gym-experiment-halfcheetah-medium-880782] evaluation/target_24000_return_mean: 654.3671773105781
25-03-22.14:22|[gym-experiment-halfcheetah-medium-880782] evaluation/target_24000_return_detail: [182.2879664227164, 2192.2483318612635, 930.1401447259358, 179.22909746569377, 726.638240611599, -62.078225961074125, 1004.2116886805321, 791.6104850817809, 440.59647383797056, 158.78757037936342]
25-03-22.14:22|[gym-experiment-halfcheetah-medium-880782] evaluation/target_24000_return_std: 619.740691091289
25-03-22.14:22|[gym-experiment-halfcheetah-medium-880782] evaluation/target_24000_length_mean: 1000.0
25-03-22.14:22|[gym-experiment-halfcheetah-medium-880782] evaluation/target_24000_length_detail: [1000, 1000, 1000, 1000, 1000, 1000, 1000, 1000, 1000, 1000]
25-03-22.14:22|[gym-experiment-halfcheetah-medium-880782] evaluation/target_24000_length_std: 0.0
25-03-22.14:22|[gym-experiment-halfcheetah-medium-880782] evaluation/target_24000_normalized_score: 7.5274479236141385
25-03-22.14:22|[gym-experiment-halfcheetah-medium-880782] evaluation/target_12000_return_mean: 299.870469902169
25-03-22.14:22|[gym-experiment-halfcheetah-medium-880782] evaluation/target_12000_return_detail: [-4.442911771949682, -102.12389847326428, 1048.4779697723604, 672.8397636594365, -110.52090682467886, 327.4682128237881, 491.29406178749764, -494.9938148193821, 152.5285201457164, 1018.1777027221657]
25-03-22.14:22|[gym-experiment-halfcheetah-medium-880782] evaluation/target_12000_return_std: 482.60079366501856
25-03-22.14:22|[gym-experiment-halfcheetah-medium-880782] evaluation/target_12000_length_mean: 1000.0
25-03-22.14:22|[gym-experiment-halfcheetah-medium-880782] evaluation/target_12000_length_detail: [1000, 1000, 1000, 1000, 1000, 1000, 1000, 1000, 1000, 1000]
25-03-22.14:22|[gym-experiment-halfcheetah-medium-880782] evaluation/target_12000_length_std: 0.0
25-03-22.14:22|[gym-experiment-halfcheetah-medium-880782] evaluation/target_12000_normalized_score: 4.6720987679521615
25-03-22.14:22|[gym-experiment-halfcheetah-medium-880782] time/total: 718.5911490917206
25-03-22.14:22|[gym-experiment-halfcheetah-medium-880782] time/evaluation: 620.17342877388
25-03-22.14:22|[gym-experiment-halfcheetah-medium-880782] training/train_loss_mean: 0.9098961622714996
25-03-22.14:22|[gym-experiment-halfcheetah-medium-880782] training/train_loss_std: 1.1261965348286007
25-03-22.14:22|[gym-experiment-halfcheetah-medium-880782] training/action_error: 0.14582692086696625
25-03-22.14:22|[gym-experiment-halfcheetah-medium-880782] ----------------------------------------Best_Iteration: 1
25-03-22.14:22|[gym-experiment-halfcheetah-medium-880782] Best_return_mean: 654.3671773105781
25-03-22.14:22|[gym-experiment-halfcheetah-medium-880782] Best_normalized_score: 7.5274479236141385
================================================================================
Iteration 1
25-03-22.14:23|[gym-experiment-halfcheetah-medium-381434] ================================================================================
25-03-22.14:23|[gym-experiment-halfcheetah-medium-381434] Iteration 1
25-03-22.14:23|[gym-experiment-halfcheetah-medium-381434] time/training: 98.25526142120361
25-03-22.14:23|[gym-experiment-halfcheetah-medium-381434] evaluation/target_24000_return_mean: 408.8859444342133
25-03-22.14:23|[gym-experiment-halfcheetah-medium-381434] evaluation/target_24000_return_detail: [268.3743257398719, 588.0700545322496, 42.49899214940718, 679.387058800161, 381.77074080538625, 720.9955620887619, 258.67089236958515, 196.2348206028927, 897.5570688271071, 55.29992842671029]
25-03-22.14:23|[gym-experiment-halfcheetah-medium-381434] evaluation/target_24000_return_std: 280.89427914124104
25-03-22.14:23|[gym-experiment-halfcheetah-medium-381434] evaluation/target_24000_length_mean: 1000.0
25-03-22.14:23|[gym-experiment-halfcheetah-medium-381434] evaluation/target_24000_length_detail: [1000, 1000, 1000, 1000, 1000, 1000, 1000, 1000, 1000, 1000]
25-03-22.14:23|[gym-experiment-halfcheetah-medium-381434] evaluation/target_24000_length_std: 0.0
25-03-22.14:23|[gym-experiment-halfcheetah-medium-381434] evaluation/target_24000_normalized_score: 5.550180952226288
25-03-22.14:23|[gym-experiment-halfcheetah-medium-381434] evaluation/target_12000_return_mean: 319.4313690107383
25-03-22.14:23|[gym-experiment-halfcheetah-medium-381434] evaluation/target_12000_return_detail: [149.93151710303974, 193.0659677905706, 661.5113210250653, 76.58130470090289, 307.3644977350245, 101.3238704126662, 459.7740683935261, 587.5066088955199, 323.86681229623304, 333.3877217548345]
25-03-22.14:23|[gym-experiment-halfcheetah-medium-381434] evaluation/target_12000_return_std: 189.7853030408733
25-03-22.14:23|[gym-experiment-halfcheetah-medium-381434] evaluation/target_12000_length_mean: 1000.0
25-03-22.14:23|[gym-experiment-halfcheetah-medium-381434] evaluation/target_12000_length_detail: [1000, 1000, 1000, 1000, 1000, 1000, 1000, 1000, 1000, 1000]
25-03-22.14:23|[gym-experiment-halfcheetah-medium-381434] evaluation/target_12000_length_std: 0.0
25-03-22.14:23|[gym-experiment-halfcheetah-medium-381434] evaluation/target_12000_normalized_score: 4.829655088184199
25-03-22.14:23|[gym-experiment-halfcheetah-medium-381434] time/total: 714.4299528598785
25-03-22.14:23|[gym-experiment-halfcheetah-medium-381434] time/evaluation: 616.1746945381165
25-03-22.14:23|[gym-experiment-halfcheetah-medium-381434] training/train_loss_mean: 1.209718663573265
25-03-22.14:23|[gym-experiment-halfcheetah-medium-381434] training/train_loss_std: 1.2051354627218656
25-03-22.14:23|[gym-experiment-halfcheetah-medium-381434] training/action_error: 0.16182217001914978
25-03-22.14:23|[gym-experiment-halfcheetah-medium-381434] ----------------------------------------Best_Iteration: 1
25-03-22.14:23|[gym-experiment-halfcheetah-medium-381434] Best_return_mean: 408.8859444342133
25-03-22.14:23|[gym-experiment-halfcheetah-medium-381434] Best_normalized_score: 5.550180952226288
hhh
================================================================================
Iteration 2
25-03-22.14:33|[gym-experiment-halfcheetah-medium-880782] ================================================================================
25-03-22.14:33|[gym-experiment-halfcheetah-medium-880782] Iteration 2
25-03-22.14:33|[gym-experiment-halfcheetah-medium-880782] time/training: 93.90359115600586
25-03-22.14:33|[gym-experiment-halfcheetah-medium-880782] evaluation/target_24000_return_mean: 2226.1367996244526
25-03-22.14:33|[gym-experiment-halfcheetah-medium-880782] evaluation/target_24000_return_detail: [627.6097383696302, 147.72080708843555, 4478.814469126053, 4022.2356046863047, 770.0406635062302, 4751.879664539889, 1672.145361911298, 1058.781514383418, 172.3484580437376, 4559.791714589529]
25-03-22.14:33|[gym-experiment-halfcheetah-medium-880782] evaluation/target_24000_return_std: 1871.064912564288
25-03-22.14:33|[gym-experiment-halfcheetah-medium-880782] evaluation/target_24000_length_mean: 1000.0
25-03-22.14:33|[gym-experiment-halfcheetah-medium-880782] evaluation/target_24000_length_detail: [1000, 1000, 1000, 1000, 1000, 1000, 1000, 1000, 1000, 1000]
25-03-22.14:33|[gym-experiment-halfcheetah-medium-880782] evaluation/target_24000_length_std: 0.0
25-03-22.14:33|[gym-experiment-halfcheetah-medium-880782] evaluation/target_24000_normalized_score: 20.187512093966454
25-03-22.14:33|[gym-experiment-halfcheetah-medium-880782] evaluation/target_12000_return_mean: 2016.7000983372097
25-03-22.14:33|[gym-experiment-halfcheetah-medium-880782] evaluation/target_12000_return_detail: [868.6752706165155, 4854.510566372963, 177.09114091682835, 4626.4708037483015, 4214.048461735573, 1805.9495920717832, 9.030954005971772, 1731.7672889094738, 1301.757308577085, 577.6995964176018]
25-03-22.14:33|[gym-experiment-halfcheetah-medium-880782] evaluation/target_12000_return_std: 1764.4471329785774
25-03-22.14:33|[gym-experiment-halfcheetah-medium-880782] evaluation/target_12000_length_mean: 1000.0
25-03-22.14:33|[gym-experiment-halfcheetah-medium-880782] evaluation/target_12000_length_detail: [1000, 1000, 1000, 1000, 1000, 1000, 1000, 1000, 1000, 1000]
25-03-22.14:33|[gym-experiment-halfcheetah-medium-880782] evaluation/target_12000_length_std: 0.0
25-03-22.14:33|[gym-experiment-halfcheetah-medium-880782] evaluation/target_12000_normalized_score: 18.500571437854244
25-03-22.14:33|[gym-experiment-halfcheetah-medium-880782] time/total: 1432.9052622318268
25-03-22.14:33|[gym-experiment-halfcheetah-medium-880782] time/evaluation: 620.4086003303528
25-03-22.14:33|[gym-experiment-halfcheetah-medium-880782] training/train_loss_mean: -0.7738354057073593
25-03-22.14:33|[gym-experiment-halfcheetah-medium-880782] training/train_loss_std: 0.26680580812313687
25-03-22.14:33|[gym-experiment-halfcheetah-medium-880782] training/action_error: 0.07253958284854889
25-03-22.14:33|[gym-experiment-halfcheetah-medium-880782] ----------------------------------------Best_Iteration: 2
25-03-22.14:33|[gym-experiment-halfcheetah-medium-880782] Best_return_mean: 2226.1367996244526
25-03-22.14:33|[gym-experiment-halfcheetah-medium-880782] Best_normalized_score: 20.187512093966454
hhh
================================================================================
Iteration 2
25-03-22.14:35|[gym-experiment-halfcheetah-medium-381434] ================================================================================
25-03-22.14:35|[gym-experiment-halfcheetah-medium-381434] Iteration 2
25-03-22.14:35|[gym-experiment-halfcheetah-medium-381434] time/training: 91.79635715484619
25-03-22.14:35|[gym-experiment-halfcheetah-medium-381434] evaluation/target_24000_return_mean: 3182.7368354030436
25-03-22.14:35|[gym-experiment-halfcheetah-medium-381434] evaluation/target_24000_return_detail: [4692.098591327502, 4529.6523926775335, 4674.719659446357, 1941.627029578225, 104.51804923462826, 1936.8771115757424, 2760.897316039982, 4672.354945941318, 1779.4416901186953, 4735.181568090455]
25-03-22.14:35|[gym-experiment-halfcheetah-medium-381434] evaluation/target_24000_return_std: 1601.953516216153
25-03-22.14:35|[gym-experiment-halfcheetah-medium-381434] evaluation/target_24000_length_mean: 1000.0
25-03-22.14:35|[gym-experiment-halfcheetah-medium-381434] evaluation/target_24000_length_detail: [1000, 1000, 1000, 1000, 1000, 1000, 1000, 1000, 1000, 1000]
25-03-22.14:35|[gym-experiment-halfcheetah-medium-381434] evaluation/target_24000_length_std: 0.0
25-03-22.14:35|[gym-experiment-halfcheetah-medium-381434] evaluation/target_24000_normalized_score: 27.892596647318285
25-03-22.14:35|[gym-experiment-halfcheetah-medium-381434] evaluation/target_12000_return_mean: 3314.220762342587
25-03-22.14:35|[gym-experiment-halfcheetah-medium-381434] evaluation/target_12000_return_detail: [1973.8560952700864, 4815.287541138154, 4712.597513254404, 3641.785420587664, 142.34099521888365, 2514.9394105094, 5141.3828741109055, 754.1784595252302, 5046.351103018, 4399.48821079314]
25-03-22.14:35|[gym-experiment-halfcheetah-medium-381434] evaluation/target_12000_return_std: 1757.3453252303525
25-03-22.14:35|[gym-experiment-halfcheetah-medium-381434] evaluation/target_12000_length_mean: 1000.0
25-03-22.14:35|[gym-experiment-halfcheetah-medium-381434] evaluation/target_12000_length_detail: [1000, 1000, 1000, 1000, 1000, 1000, 1000, 1000, 1000, 1000]
25-03-22.14:35|[gym-experiment-halfcheetah-medium-381434] evaluation/target_12000_length_std: 0.0
25-03-22.14:35|[gym-experiment-halfcheetah-medium-381434] evaluation/target_12000_normalized_score: 28.951654494468944
25-03-22.14:35|[gym-experiment-halfcheetah-medium-381434] time/total: 1425.9483678340912
25-03-22.14:35|[gym-experiment-halfcheetah-medium-381434] time/evaluation: 619.7205843925476
25-03-22.14:35|[gym-experiment-halfcheetah-medium-381434] training/train_loss_mean: -0.5917960924506187
25-03-22.14:35|[gym-experiment-halfcheetah-medium-381434] training/train_loss_std: 0.289665109865748
25-03-22.14:35|[gym-experiment-halfcheetah-medium-381434] training/action_error: 0.07865578681230545
25-03-22.14:35|[gym-experiment-halfcheetah-medium-381434] ----------------------------------------Best_Iteration: 2
25-03-22.14:35|[gym-experiment-halfcheetah-medium-381434] Best_return_mean: 3314.220762342587
25-03-22.14:35|[gym-experiment-halfcheetah-medium-381434] Best_normalized_score: 28.951654494468944
hhh
================================================================================
Iteration 3
25-03-22.14:45|[gym-experiment-halfcheetah-medium-880782] ================================================================================
25-03-22.14:45|[gym-experiment-halfcheetah-medium-880782] Iteration 3
25-03-22.14:45|[gym-experiment-halfcheetah-medium-880782] time/training: 92.72108030319214
25-03-22.14:45|[gym-experiment-halfcheetah-medium-880782] evaluation/target_24000_return_mean: 4024.0119047169596
25-03-22.14:45|[gym-experiment-halfcheetah-medium-880782] evaluation/target_24000_return_detail: [4424.020423903221, 702.3539943223439, 3669.3751097396225, 4771.699830622058, 4645.636998563666, 4558.828352728823, 4714.215050085722, 4798.647224701401, 4753.469507783524, 3201.8725547192184]
25-03-22.14:45|[gym-experiment-halfcheetah-medium-880782] evaluation/target_24000_return_std: 1217.995514634573
25-03-22.14:45|[gym-experiment-halfcheetah-medium-880782] evaluation/target_24000_length_mean: 1000.0
25-03-22.14:45|[gym-experiment-halfcheetah-medium-880782] evaluation/target_24000_length_detail: [1000, 1000, 1000, 1000, 1000, 1000, 1000, 1000, 1000, 1000]
25-03-22.14:45|[gym-experiment-halfcheetah-medium-880782] evaluation/target_24000_length_std: 0.0
25-03-22.14:45|[gym-experiment-halfcheetah-medium-880782] evaluation/target_24000_normalized_score: 34.66877822713056
25-03-22.14:45|[gym-experiment-halfcheetah-medium-880782] evaluation/target_12000_return_mean: 4362.0201323485
25-03-22.14:45|[gym-experiment-halfcheetah-medium-880782] evaluation/target_12000_return_detail: [4771.95164766999, 540.64309362781, 4713.402106504762, 4809.017987094471, 4681.32940582059, 4837.166056201593, 4689.386942469735, 4940.015180845106, 4611.684066047359, 5025.604837203584]
25-03-22.14:45|[gym-experiment-halfcheetah-medium-880782] evaluation/target_12000_return_std: 1279.2923355929074
25-03-22.14:45|[gym-experiment-halfcheetah-medium-880782] evaluation/target_12000_length_mean: 1000.0
25-03-22.14:45|[gym-experiment-halfcheetah-medium-880782] evaluation/target_12000_length_detail: [1000, 1000, 1000, 1000, 1000, 1000, 1000, 1000, 1000, 1000]
25-03-22.14:45|[gym-experiment-halfcheetah-medium-880782] evaluation/target_12000_length_std: 0.0
25-03-22.14:45|[gym-experiment-halfcheetah-medium-880782] evaluation/target_12000_normalized_score: 37.39131834444287
25-03-22.14:45|[gym-experiment-halfcheetah-medium-880782] time/total: 2143.7643105983734
25-03-22.14:45|[gym-experiment-halfcheetah-medium-880782] time/evaluation: 618.1365141868591
25-03-22.14:45|[gym-experiment-halfcheetah-medium-880782] training/train_loss_mean: -1.187578076839447
25-03-22.14:45|[gym-experiment-halfcheetah-medium-880782] training/train_loss_std: 0.04028214925748479
25-03-22.14:45|[gym-experiment-halfcheetah-medium-880782] training/action_error: 0.0669964924454689
25-03-22.14:45|[gym-experiment-halfcheetah-medium-880782] ----------------------------------------Best_Iteration: 3
25-03-22.14:45|[gym-experiment-halfcheetah-medium-880782] Best_return_mean: 4362.0201323485
25-03-22.14:45|[gym-experiment-halfcheetah-medium-880782] Best_normalized_score: 37.39131834444287
hhh
================================================================================
Iteration 3
25-03-22.14:46|[gym-experiment-halfcheetah-medium-381434] ================================================================================
25-03-22.14:46|[gym-experiment-halfcheetah-medium-381434] Iteration 3
25-03-22.14:46|[gym-experiment-halfcheetah-medium-381434] time/training: 92.89407658576965
25-03-22.14:46|[gym-experiment-halfcheetah-medium-381434] evaluation/target_24000_return_mean: 4552.0400530853385
25-03-22.14:46|[gym-experiment-halfcheetah-medium-381434] evaluation/target_24000_return_detail: [4719.1900650019925, 4777.098887114888, 4688.166519116706, 4858.261276771077, 2576.3537853004295, 4653.735492825377, 4916.595026343384, 5031.935880999411, 4555.060468897998, 4744.0031284821225]
25-03-22.14:46|[gym-experiment-halfcheetah-medium-381434] evaluation/target_24000_return_std: 671.1653990209882
25-03-22.14:46|[gym-experiment-halfcheetah-medium-381434] evaluation/target_24000_length_mean: 1000.0
25-03-22.14:46|[gym-experiment-halfcheetah-medium-381434] evaluation/target_24000_length_detail: [1000, 1000, 1000, 1000, 1000, 1000, 1000, 1000, 1000, 1000]
25-03-22.14:46|[gym-experiment-halfcheetah-medium-381434] evaluation/target_24000_length_std: 0.0
25-03-22.14:46|[gym-experiment-halfcheetah-medium-381434] evaluation/target_24000_normalized_score: 38.92186350578283
25-03-22.14:46|[gym-experiment-halfcheetah-medium-381434] evaluation/target_12000_return_mean: 3483.1612267311757
25-03-22.14:46|[gym-experiment-halfcheetah-medium-381434] evaluation/target_12000_return_detail: [1147.2910624015533, 3689.663842266615, 4726.247596215213, 4847.066016989531, 1441.1012379334356, 4641.609864630571, 4236.908870994825, 2608.3573988655444, 4707.689244190407, 2785.6771328240625]
25-03-22.14:46|[gym-experiment-halfcheetah-medium-381434] evaluation/target_12000_return_std: 1331.7588059964908
25-03-22.14:46|[gym-experiment-halfcheetah-medium-381434] evaluation/target_12000_length_mean: 1000.0
25-03-22.14:46|[gym-experiment-halfcheetah-medium-381434] evaluation/target_12000_length_detail: [1000, 1000, 1000, 1000, 1000, 1000, 1000, 1000, 1000, 1000]
25-03-22.14:46|[gym-experiment-halfcheetah-medium-381434] evaluation/target_12000_length_std: 0.0
25-03-22.14:46|[gym-experiment-halfcheetah-medium-381434] evaluation/target_12000_normalized_score: 30.312411878862232
25-03-22.14:46|[gym-experiment-halfcheetah-medium-381434] time/total: 2137.53843665123
25-03-22.14:46|[gym-experiment-halfcheetah-medium-381434] time/evaluation: 618.6945595741272
25-03-22.14:46|[gym-experiment-halfcheetah-medium-381434] training/train_loss_mean: -1.110992667913437
25-03-22.14:46|[gym-experiment-halfcheetah-medium-381434] training/train_loss_std: 0.057350766399040715
25-03-22.14:46|[gym-experiment-halfcheetah-medium-381434] training/action_error: 0.06623514741659164
25-03-22.14:46|[gym-experiment-halfcheetah-medium-381434] ----------------------------------------Best_Iteration: 3
25-03-22.14:46|[gym-experiment-halfcheetah-medium-381434] Best_return_mean: 4552.0400530853385
25-03-22.14:46|[gym-experiment-halfcheetah-medium-381434] Best_normalized_score: 38.92186350578283
hhh
================================================================================
Iteration 4
25-03-22.14:57|[gym-experiment-halfcheetah-medium-880782] ================================================================================
25-03-22.14:57|[gym-experiment-halfcheetah-medium-880782] Iteration 4
25-03-22.14:57|[gym-experiment-halfcheetah-medium-880782] time/training: 93.20745873451233
25-03-22.14:57|[gym-experiment-halfcheetah-medium-880782] evaluation/target_24000_return_mean: 3708.356935612981
25-03-22.14:57|[gym-experiment-halfcheetah-medium-880782] evaluation/target_24000_return_detail: [4617.714104059353, 4774.2299598462505, 4656.708879129899, 630.6614127566164, 4550.994510780048, 4666.489681695458, 4678.640954871073, 4808.286640882889, 485.7278780782533, 3214.11533402997]
25-03-22.14:57|[gym-experiment-halfcheetah-medium-880782] evaluation/target_24000_return_std: 1635.3459139808824
25-03-22.14:57|[gym-experiment-halfcheetah-medium-880782] evaluation/target_24000_length_mean: 1000.0
25-03-22.14:57|[gym-experiment-halfcheetah-medium-880782] evaluation/target_24000_length_detail: [1000, 1000, 1000, 1000, 1000, 1000, 1000, 1000, 1000, 1000]
25-03-22.14:57|[gym-experiment-halfcheetah-medium-880782] evaluation/target_24000_length_std: 0.0
25-03-22.14:57|[gym-experiment-halfcheetah-medium-880782] evaluation/target_24000_normalized_score: 32.12628592557816
25-03-22.14:57|[gym-experiment-halfcheetah-medium-880782] evaluation/target_12000_return_mean: 4135.515970758033
25-03-22.14:57|[gym-experiment-halfcheetah-medium-880782] evaluation/target_12000_return_detail: [4876.266540021186, 4943.663768280903, 4742.335161057449, 4866.544355821666, 4888.091586325279, 4854.880692308421, 4817.686337915126, 4897.616685559702, 871.9532102494995, 1596.1213700411029]
25-03-22.14:57|[gym-experiment-halfcheetah-medium-880782] evaluation/target_12000_return_std: 1460.6102388044408
25-03-22.14:57|[gym-experiment-halfcheetah-medium-880782] evaluation/target_12000_length_mean: 1000.0
25-03-22.14:57|[gym-experiment-halfcheetah-medium-880782] evaluation/target_12000_length_detail: [1000, 1000, 1000, 1000, 1000, 1000, 1000, 1000, 1000, 1000]
25-03-22.14:57|[gym-experiment-halfcheetah-medium-880782] evaluation/target_12000_length_std: 0.0
25-03-22.14:57|[gym-experiment-halfcheetah-medium-880782] evaluation/target_12000_normalized_score: 35.56690516080741
25-03-22.14:57|[gym-experiment-halfcheetah-medium-880782] time/total: 2849.1709423065186
25-03-22.14:57|[gym-experiment-halfcheetah-medium-880782] time/evaluation: 612.1977462768555
25-03-22.14:57|[gym-experiment-halfcheetah-medium-880782] training/train_loss_mean: -1.251034993171692
25-03-22.14:57|[gym-experiment-halfcheetah-medium-880782] training/train_loss_std: 0.01944625670742676
25-03-22.14:57|[gym-experiment-halfcheetah-medium-880782] training/action_error: 0.05889527499675751
25-03-22.14:57|[gym-experiment-halfcheetah-medium-880782] ----------------------------------------Best_Iteration: 3
25-03-22.14:57|[gym-experiment-halfcheetah-medium-880782] Best_return_mean: 4362.0201323485
25-03-22.14:57|[gym-experiment-halfcheetah-medium-880782] Best_normalized_score: 37.39131834444287
hhh
================================================================================
Iteration 4
25-03-22.14:58|[gym-experiment-halfcheetah-medium-381434] ================================================================================
25-03-22.14:58|[gym-experiment-halfcheetah-medium-381434] Iteration 4
25-03-22.14:58|[gym-experiment-halfcheetah-medium-381434] time/training: 93.09997320175171
25-03-22.14:58|[gym-experiment-halfcheetah-medium-381434] evaluation/target_24000_return_mean: 4868.63259124303
25-03-22.14:58|[gym-experiment-halfcheetah-medium-381434] evaluation/target_24000_return_detail: [4890.9327623208055, 4882.673617882568, 4733.67471044872, 4957.967462645883, 4996.607932321443, 4836.496194703175, 4861.645277561619, 4787.196180912404, 4809.02923369813, 4930.10253993555]
25-03-22.14:58|[gym-experiment-halfcheetah-medium-381434] evaluation/target_24000_return_std: 76.36167828554791
25-03-22.14:58|[gym-experiment-halfcheetah-medium-381434] evaluation/target_24000_length_mean: 1000.0
25-03-22.14:58|[gym-experiment-halfcheetah-medium-381434] evaluation/target_24000_length_detail: [1000, 1000, 1000, 1000, 1000, 1000, 1000, 1000, 1000, 1000]
25-03-22.14:58|[gym-experiment-halfcheetah-medium-381434] evaluation/target_24000_length_std: 0.0
25-03-22.14:58|[gym-experiment-halfcheetah-medium-381434] evaluation/target_24000_normalized_score: 41.471907603868026
25-03-22.14:58|[gym-experiment-halfcheetah-medium-381434] evaluation/target_12000_return_mean: 4870.608112322526
25-03-22.14:58|[gym-experiment-halfcheetah-medium-381434] evaluation/target_12000_return_detail: [4890.706898564133, 4867.610208192266, 4775.545070463693, 4971.184550887191, 5080.3236974289775, 4855.78481604917, 4613.876532693902, 4894.6567913396875, 4877.768528374414, 4878.624029231827]
25-03-22.14:58|[gym-experiment-halfcheetah-medium-381434] evaluation/target_12000_return_std: 114.18006688180166
25-03-22.14:58|[gym-experiment-halfcheetah-medium-381434] evaluation/target_12000_length_mean: 1000.0
25-03-22.14:58|[gym-experiment-halfcheetah-medium-381434] evaluation/target_12000_length_detail: [1000, 1000, 1000, 1000, 1000, 1000, 1000, 1000, 1000, 1000]
25-03-22.14:58|[gym-experiment-halfcheetah-medium-381434] evaluation/target_12000_length_std: 0.0
25-03-22.14:58|[gym-experiment-halfcheetah-medium-381434] evaluation/target_12000_normalized_score: 41.48781974727711
25-03-22.14:58|[gym-experiment-halfcheetah-medium-381434] time/total: 2845.059277534485
25-03-22.14:58|[gym-experiment-halfcheetah-medium-381434] time/evaluation: 614.4194493293762
25-03-22.14:58|[gym-experiment-halfcheetah-medium-381434] training/train_loss_mean: -1.2248615441322326
25-03-22.14:58|[gym-experiment-halfcheetah-medium-381434] training/train_loss_std: 0.025484489289490077
25-03-22.14:58|[gym-experiment-halfcheetah-medium-381434] training/action_error: 0.056912798434495926
25-03-22.14:58|[gym-experiment-halfcheetah-medium-381434] ----------------------------------------Best_Iteration: 4
25-03-22.14:58|[gym-experiment-halfcheetah-medium-381434] Best_return_mean: 4870.608112322526
25-03-22.14:58|[gym-experiment-halfcheetah-medium-381434] Best_normalized_score: 41.48781974727711
hhh
================================================================================
Iteration 5
25-03-22.15:09|[gym-experiment-halfcheetah-medium-880782] ================================================================================
25-03-22.15:09|[gym-experiment-halfcheetah-medium-880782] Iteration 5
25-03-22.15:09|[gym-experiment-halfcheetah-medium-880782] time/training: 91.57093262672424
25-03-22.15:09|[gym-experiment-halfcheetah-medium-880782] evaluation/target_24000_return_mean: 4609.600378317732
25-03-22.15:09|[gym-experiment-halfcheetah-medium-880782] evaluation/target_24000_return_detail: [2193.5315981844196, 4917.728183555818, 4721.606779760446, 5030.891899488432, 4926.345324047926, 4983.281895816848, 4631.022569980899, 4966.710042243903, 4902.007496794695, 4822.877993303942]
25-03-22.15:09|[gym-experiment-halfcheetah-medium-880782] evaluation/target_24000_return_std: 813.7139422420861
25-03-22.15:09|[gym-experiment-halfcheetah-medium-880782] evaluation/target_24000_length_mean: 1000.0
25-03-22.15:09|[gym-experiment-halfcheetah-medium-880782] evaluation/target_24000_length_detail: [1000, 1000, 1000, 1000, 1000, 1000, 1000, 1000, 1000, 1000]
25-03-22.15:09|[gym-experiment-halfcheetah-medium-880782] evaluation/target_24000_length_std: 0.0
25-03-22.15:09|[gym-experiment-halfcheetah-medium-880782] evaluation/target_24000_normalized_score: 39.38549214496958
25-03-22.15:09|[gym-experiment-halfcheetah-medium-880782] evaluation/target_12000_return_mean: 4842.277286772131
25-03-22.15:09|[gym-experiment-halfcheetah-medium-880782] evaluation/target_12000_return_detail: [4695.615247878379, 4780.55407705392, 4712.164022028043, 4965.063086938428, 4973.693731949823, 5030.427622589294, 4780.542617074153, 4904.353079097253, 4807.209582577727, 4773.1498005342955]
25-03-22.15:09|[gym-experiment-halfcheetah-medium-880782] evaluation/target_12000_return_std: 111.20660063729326
25-03-22.15:09|[gym-experiment-halfcheetah-medium-880782] evaluation/target_12000_length_mean: 1000.0
25-03-22.15:09|[gym-experiment-halfcheetah-medium-880782] evaluation/target_12000_length_detail: [1000, 1000, 1000, 1000, 1000, 1000, 1000, 1000, 1000, 1000]
25-03-22.15:09|[gym-experiment-halfcheetah-medium-880782] evaluation/target_12000_length_std: 0.0
25-03-22.15:09|[gym-experiment-halfcheetah-medium-880782] evaluation/target_12000_normalized_score: 41.259624683334444
25-03-22.15:09|[gym-experiment-halfcheetah-medium-880782] time/total: 3558.405399084091
25-03-22.15:09|[gym-experiment-halfcheetah-medium-880782] time/evaluation: 617.6620945930481
25-03-22.15:09|[gym-experiment-halfcheetah-medium-880782] training/train_loss_mean: -1.2735131080150603
25-03-22.15:09|[gym-experiment-halfcheetah-medium-880782] training/train_loss_std: 0.017516853844189714
25-03-22.15:09|[gym-experiment-halfcheetah-medium-880782] training/action_error: 0.0544460155069828
25-03-22.15:09|[gym-experiment-halfcheetah-medium-880782] ----------------------------------------Best_Iteration: 5
25-03-22.15:09|[gym-experiment-halfcheetah-medium-880782] Best_return_mean: 4842.277286772131
25-03-22.15:09|[gym-experiment-halfcheetah-medium-880782] Best_normalized_score: 41.259624683334444
hhh
================================================================================
Iteration 5
25-03-22.15:10|[gym-experiment-halfcheetah-medium-381434] ================================================================================
25-03-22.15:10|[gym-experiment-halfcheetah-medium-381434] Iteration 5
25-03-22.15:10|[gym-experiment-halfcheetah-medium-381434] time/training: 93.04156470298767
25-03-22.15:10|[gym-experiment-halfcheetah-medium-381434] evaluation/target_24000_return_mean: 4441.096725649853
25-03-22.15:10|[gym-experiment-halfcheetah-medium-381434] evaluation/target_24000_return_detail: [4683.6223364411135, 4851.617864225503, 1906.9021192430207, 4956.456891615352, 4880.500269710016, 3959.598285807456, 4672.6915498986, 4882.25125173175, 4836.397878405293, 4780.928809420429]
25-03-22.15:10|[gym-experiment-halfcheetah-medium-381434] evaluation/target_24000_return_std: 886.5665924253443
25-03-22.15:10|[gym-experiment-halfcheetah-medium-381434] evaluation/target_24000_length_mean: 1000.0
25-03-22.15:10|[gym-experiment-halfcheetah-medium-381434] evaluation/target_24000_length_detail: [1000, 1000, 1000, 1000, 1000, 1000, 1000, 1000, 1000, 1000]
25-03-22.15:10|[gym-experiment-halfcheetah-medium-381434] evaluation/target_24000_length_std: 0.0
25-03-22.15:10|[gym-experiment-halfcheetah-medium-381434] evaluation/target_24000_normalized_score: 38.028253128876614
25-03-22.15:10|[gym-experiment-halfcheetah-medium-381434] evaluation/target_12000_return_mean: 4646.5378108263885
25-03-22.15:10|[gym-experiment-halfcheetah-medium-381434] evaluation/target_12000_return_detail: [4816.066745429505, 4947.008193496798, 4747.472235579052, 4743.90013622611, 4769.582468471909, 4916.058849885019, 3366.82565629302, 4926.348845147346, 4296.859473202011, 4935.255504533114]
25-03-22.15:10|[gym-experiment-halfcheetah-medium-381434] evaluation/target_12000_return_std: 463.4718469506846
25-03-22.15:10|[gym-experiment-halfcheetah-medium-381434] evaluation/target_12000_length_mean: 1000.0
25-03-22.15:10|[gym-experiment-halfcheetah-medium-381434] evaluation/target_12000_length_detail: [1000, 1000, 1000, 1000, 1000, 1000, 1000, 1000, 1000, 1000]
25-03-22.15:10|[gym-experiment-halfcheetah-medium-381434] evaluation/target_12000_length_std: 0.0
25-03-22.15:10|[gym-experiment-halfcheetah-medium-381434] evaluation/target_12000_normalized_score: 39.68301047030738
25-03-22.15:10|[gym-experiment-halfcheetah-medium-381434] time/total: 3554.078144788742
25-03-22.15:10|[gym-experiment-halfcheetah-medium-381434] time/evaluation: 615.9758796691895
25-03-22.15:10|[gym-experiment-halfcheetah-medium-381434] training/train_loss_mean: -1.2638870496749879
25-03-22.15:10|[gym-experiment-halfcheetah-medium-381434] training/train_loss_std: 0.017306289838212915
25-03-22.15:10|[gym-experiment-halfcheetah-medium-381434] training/action_error: 0.05890917032957077
25-03-22.15:10|[gym-experiment-halfcheetah-medium-381434] ----------------------------------------Best_Iteration: 4
25-03-22.15:10|[gym-experiment-halfcheetah-medium-381434] Best_return_mean: 4870.608112322526
25-03-22.15:10|[gym-experiment-halfcheetah-medium-381434] Best_normalized_score: 41.48781974727711
hhh
================================================================================
Iteration 6
25-03-22.15:21|[gym-experiment-halfcheetah-medium-880782] ================================================================================
25-03-22.15:21|[gym-experiment-halfcheetah-medium-880782] Iteration 6
25-03-22.15:21|[gym-experiment-halfcheetah-medium-880782] time/training: 97.86126112937927
25-03-22.15:21|[gym-experiment-halfcheetah-medium-880782] evaluation/target_24000_return_mean: 4735.5451904250085
25-03-22.15:21|[gym-experiment-halfcheetah-medium-880782] evaluation/target_24000_return_detail: [4951.6550593261, 4958.200607347428, 4763.474328436092, 4758.232536447944, 4941.540970777744, 5024.330078456211, 4687.545304901491, 3219.0437263520303, 4990.259892096758, 5061.169400108287]
25-03-22.15:21|[gym-experiment-halfcheetah-medium-880782] evaluation/target_24000_return_std: 519.2683333638421
25-03-22.15:21|[gym-experiment-halfcheetah-medium-880782] evaluation/target_24000_length_mean: 1000.0
25-03-22.15:21|[gym-experiment-halfcheetah-medium-880782] evaluation/target_24000_length_detail: [1000, 1000, 1000, 1000, 1000, 1000, 1000, 1000, 1000, 1000]
25-03-22.15:21|[gym-experiment-halfcheetah-medium-880782] evaluation/target_24000_length_std: 0.0
25-03-22.15:21|[gym-experiment-halfcheetah-medium-880782] evaluation/target_24000_normalized_score: 40.399934325658755
25-03-22.15:21|[gym-experiment-halfcheetah-medium-880782] evaluation/target_12000_return_mean: 4830.083256276384
25-03-22.15:21|[gym-experiment-halfcheetah-medium-880782] evaluation/target_12000_return_detail: [4748.069047527308, 4991.617232397183, 4774.675652190987, 4508.333407048758, 4775.273447987714, 4890.3288942169675, 4959.721994096479, 4962.715363817898, 5041.701952935342, 4648.3955705452]
25-03-22.15:21|[gym-experiment-halfcheetah-medium-880782] evaluation/target_12000_return_std: 160.69739952426275
25-03-22.15:21|[gym-experiment-halfcheetah-medium-880782] evaluation/target_12000_length_mean: 1000.0
25-03-22.15:21|[gym-experiment-halfcheetah-medium-880782] evaluation/target_12000_length_detail: [1000, 1000, 1000, 1000, 1000, 1000, 1000, 1000, 1000, 1000]
25-03-22.15:21|[gym-experiment-halfcheetah-medium-880782] evaluation/target_12000_length_std: 0.0
25-03-22.15:21|[gym-experiment-halfcheetah-medium-880782] evaluation/target_12000_normalized_score: 41.161405958160124
25-03-22.15:21|[gym-experiment-halfcheetah-medium-880782] time/total: 4276.3374264240265
25-03-22.15:21|[gym-experiment-halfcheetah-medium-880782] time/evaluation: 620.069340467453
25-03-22.15:21|[gym-experiment-halfcheetah-medium-880782] training/train_loss_mean: -1.2854952850341796
25-03-22.15:21|[gym-experiment-halfcheetah-medium-880782] training/train_loss_std: 0.016759599123165127
25-03-22.15:21|[gym-experiment-halfcheetah-medium-880782] training/action_error: 0.05185244604945183
25-03-22.15:21|[gym-experiment-halfcheetah-medium-880782] ----------------------------------------Best_Iteration: 5
25-03-22.15:21|[gym-experiment-halfcheetah-medium-880782] Best_return_mean: 4842.277286772131
25-03-22.15:21|[gym-experiment-halfcheetah-medium-880782] Best_normalized_score: 41.259624683334444
hhh
================================================================================
Iteration 6
25-03-22.15:22|[gym-experiment-halfcheetah-medium-381434] ================================================================================
25-03-22.15:22|[gym-experiment-halfcheetah-medium-381434] Iteration 6
25-03-22.15:22|[gym-experiment-halfcheetah-medium-381434] time/training: 93.14538431167603
25-03-22.15:22|[gym-experiment-halfcheetah-medium-381434] evaluation/target_24000_return_mean: 4584.773540971635
25-03-22.15:22|[gym-experiment-halfcheetah-medium-381434] evaluation/target_24000_return_detail: [4974.211366601883, 1664.7542342278596, 4957.05995375997, 4887.336293548138, 4748.565643368871, 4867.87194059681, 5047.620881787608, 4688.90849421325, 4995.200385194281, 5016.20621641769]
25-03-22.15:22|[gym-experiment-halfcheetah-medium-381434] evaluation/target_24000_return_std: 979.5378817660747
25-03-22.15:22|[gym-experiment-halfcheetah-medium-381434] evaluation/target_24000_length_mean: 1000.0
25-03-22.15:22|[gym-experiment-halfcheetah-medium-381434] evaluation/target_24000_length_detail: [1000, 1000, 1000, 1000, 1000, 1000, 1000, 1000, 1000, 1000]
25-03-22.15:22|[gym-experiment-halfcheetah-medium-381434] evaluation/target_24000_length_std: 0.0
25-03-22.15:22|[gym-experiment-halfcheetah-medium-381434] evaluation/target_24000_normalized_score: 39.18552050186976
25-03-22.15:22|[gym-experiment-halfcheetah-medium-381434] evaluation/target_12000_return_mean: 4863.649539726352
25-03-22.15:22|[gym-experiment-halfcheetah-medium-381434] evaluation/target_12000_return_detail: [4596.873536614792, 4755.458483085848, 4883.210279406081, 5021.098342968112, 4940.820997878478, 4816.132886602046, 4812.2736331167225, 4694.944903990891, 5070.102866897129, 5045.579466703419]
25-03-22.15:22|[gym-experiment-halfcheetah-medium-381434] evaluation/target_12000_return_std: 149.35962224044025
25-03-22.15:22|[gym-experiment-halfcheetah-medium-381434] evaluation/target_12000_length_mean: 1000.0
25-03-22.15:22|[gym-experiment-halfcheetah-medium-381434] evaluation/target_12000_length_detail: [1000, 1000, 1000, 1000, 1000, 1000, 1000, 1000, 1000, 1000]
25-03-22.15:22|[gym-experiment-halfcheetah-medium-381434] evaluation/target_12000_length_std: 0.0
25-03-22.15:22|[gym-experiment-halfcheetah-medium-381434] evaluation/target_12000_normalized_score: 41.43177083632288
25-03-22.15:22|[gym-experiment-halfcheetah-medium-381434] time/total: 4265.093454122543
25-03-22.15:22|[gym-experiment-halfcheetah-medium-381434] time/evaluation: 617.8685123920441
25-03-22.15:22|[gym-experiment-halfcheetah-medium-381434] training/train_loss_mean: -1.2797560369968415
25-03-22.15:22|[gym-experiment-halfcheetah-medium-381434] training/train_loss_std: 0.017312401615977753
25-03-22.15:22|[gym-experiment-halfcheetah-medium-381434] training/action_error: 0.04877001419663429
25-03-22.15:22|[gym-experiment-halfcheetah-medium-381434] ----------------------------------------Best_Iteration: 4
25-03-22.15:22|[gym-experiment-halfcheetah-medium-381434] Best_return_mean: 4870.608112322526
25-03-22.15:22|[gym-experiment-halfcheetah-medium-381434] Best_normalized_score: 41.48781974727711
hhh
================================================================================
Iteration 7
25-03-22.15:33|[gym-experiment-halfcheetah-medium-880782] ================================================================================
25-03-22.15:33|[gym-experiment-halfcheetah-medium-880782] Iteration 7
25-03-22.15:33|[gym-experiment-halfcheetah-medium-880782] time/training: 92.16181683540344
25-03-22.15:33|[gym-experiment-halfcheetah-medium-880782] evaluation/target_24000_return_mean: 4866.179046291373
25-03-22.15:33|[gym-experiment-halfcheetah-medium-880782] evaluation/target_24000_return_detail: [4756.138046155694, 4554.573923068753, 4819.894939058087, 4965.808732345804, 4840.724867383309, 4943.492322349007, 5034.838740344732, 4946.61188699915, 4936.477719883149, 4863.229285326049]
25-03-22.15:33|[gym-experiment-halfcheetah-medium-880782] evaluation/target_24000_return_std: 129.52469424584254
25-03-22.15:33|[gym-experiment-halfcheetah-medium-880782] evaluation/target_24000_length_mean: 1000.0
25-03-22.15:33|[gym-experiment-halfcheetah-medium-880782] evaluation/target_24000_length_detail: [1000, 1000, 1000, 1000, 1000, 1000, 1000, 1000, 1000, 1000]
25-03-22.15:33|[gym-experiment-halfcheetah-medium-880782] evaluation/target_24000_length_std: 0.0
25-03-22.15:33|[gym-experiment-halfcheetah-medium-880782] evaluation/target_24000_normalized_score: 41.4521451424412
25-03-22.15:33|[gym-experiment-halfcheetah-medium-880782] evaluation/target_12000_return_mean: 4911.672046843099
25-03-22.15:33|[gym-experiment-halfcheetah-medium-880782] evaluation/target_12000_return_detail: [4912.585423019613, 4848.591105673285, 5036.795365277216, 4968.488304566368, 4937.2416624906555, 5066.032913946467, 4872.947057334791, 4902.9890781454, 4698.741104782192, 4872.308453195006]
25-03-22.15:33|[gym-experiment-halfcheetah-medium-880782] evaluation/target_12000_return_std: 97.88214915881245
25-03-22.15:33|[gym-experiment-halfcheetah-medium-880782] evaluation/target_12000_length_mean: 1000.0
25-03-22.15:33|[gym-experiment-halfcheetah-medium-880782] evaluation/target_12000_length_detail: [1000, 1000, 1000, 1000, 1000, 1000, 1000, 1000, 1000, 1000]
25-03-22.15:33|[gym-experiment-halfcheetah-medium-880782] evaluation/target_12000_length_std: 0.0
25-03-22.15:33|[gym-experiment-halfcheetah-medium-880782] evaluation/target_12000_normalized_score: 41.81857562825175
25-03-22.15:33|[gym-experiment-halfcheetah-medium-880782] time/total: 4985.484699010849
25-03-22.15:33|[gym-experiment-halfcheetah-medium-880782] time/evaluation: 616.9840071201324
25-03-22.15:33|[gym-experiment-halfcheetah-medium-880782] training/train_loss_mean: -1.289857765674591
25-03-22.15:33|[gym-experiment-halfcheetah-medium-880782] training/train_loss_std: 0.016074249133953004
25-03-22.15:33|[gym-experiment-halfcheetah-medium-880782] training/action_error: 0.04396592453122139
25-03-22.15:33|[gym-experiment-halfcheetah-medium-880782] ----------------------------------------Best_Iteration: 7
25-03-22.15:33|[gym-experiment-halfcheetah-medium-880782] Best_return_mean: 4911.672046843099
25-03-22.15:33|[gym-experiment-halfcheetah-medium-880782] Best_normalized_score: 41.81857562825175
hhh
================================================================================
Iteration 7
25-03-22.15:34|[gym-experiment-halfcheetah-medium-381434] ================================================================================
25-03-22.15:34|[gym-experiment-halfcheetah-medium-381434] Iteration 7
25-03-22.15:34|[gym-experiment-halfcheetah-medium-381434] time/training: 93.97936773300171
25-03-22.15:34|[gym-experiment-halfcheetah-medium-381434] evaluation/target_24000_return_mean: 4686.1771820852855
25-03-22.15:34|[gym-experiment-halfcheetah-medium-381434] evaluation/target_24000_return_detail: [4518.286260767931, 4910.624453193706, 4088.4695479988654, 5071.670412900178, 4645.935732061463, 4832.410155142926, 4643.48462420903, 4657.107589822572, 4637.8227488898965, 4855.960295866284]
25-03-22.15:34|[gym-experiment-halfcheetah-medium-381434] evaluation/target_24000_return_std: 253.23092132568448
25-03-22.15:34|[gym-experiment-halfcheetah-medium-381434] evaluation/target_24000_length_mean: 1000.0
25-03-22.15:34|[gym-experiment-halfcheetah-medium-381434] evaluation/target_24000_length_detail: [1000, 1000, 1000, 1000, 1000, 1000, 1000, 1000, 1000, 1000]
25-03-22.15:34|[gym-experiment-halfcheetah-medium-381434] evaluation/target_24000_length_std: 0.0
25-03-22.15:34|[gym-experiment-halfcheetah-medium-381434] evaluation/target_24000_normalized_score: 40.00229198375925
25-03-22.15:34|[gym-experiment-halfcheetah-medium-381434] evaluation/target_12000_return_mean: 4563.033828994483
25-03-22.15:34|[gym-experiment-halfcheetah-medium-381434] evaluation/target_12000_return_detail: [1322.4487292613542, 4997.532793383534, 4984.707931197558, 4810.895451805902, 4959.981108055809, 5005.369067923738, 5135.142524129823, 4685.154256957113, 4675.4732211532955, 5053.633206076699]
25-03-22.15:34|[gym-experiment-halfcheetah-medium-381434] evaluation/target_12000_return_std: 1089.8717952506865
25-03-22.15:34|[gym-experiment-halfcheetah-medium-381434] evaluation/target_12000_length_mean: 1000.0
25-03-22.15:34|[gym-experiment-halfcheetah-medium-381434] evaluation/target_12000_length_detail: [1000, 1000, 1000, 1000, 1000, 1000, 1000, 1000, 1000, 1000]
25-03-22.15:34|[gym-experiment-halfcheetah-medium-381434] evaluation/target_12000_length_std: 0.0
25-03-22.15:34|[gym-experiment-halfcheetah-medium-381434] evaluation/target_12000_normalized_score: 39.0104145927286
25-03-22.15:34|[gym-experiment-halfcheetah-medium-381434] time/total: 4973.083862781525
25-03-22.15:34|[gym-experiment-halfcheetah-medium-381434] time/evaluation: 614.009610414505
25-03-22.15:34|[gym-experiment-halfcheetah-medium-381434] training/train_loss_mean: -1.2870876581668853
25-03-22.15:34|[gym-experiment-halfcheetah-medium-381434] training/train_loss_std: 0.016458813651029008
25-03-22.15:34|[gym-experiment-halfcheetah-medium-381434] training/action_error: 0.048463497310876846
25-03-22.15:34|[gym-experiment-halfcheetah-medium-381434] ----------------------------------------Best_Iteration: 4
25-03-22.15:34|[gym-experiment-halfcheetah-medium-381434] Best_return_mean: 4870.608112322526
25-03-22.15:34|[gym-experiment-halfcheetah-medium-381434] Best_normalized_score: 41.48781974727711
hhh
================================================================================
Iteration 8
25-03-22.15:44|[gym-experiment-halfcheetah-medium-880782] ================================================================================
25-03-22.15:44|[gym-experiment-halfcheetah-medium-880782] Iteration 8
25-03-22.15:44|[gym-experiment-halfcheetah-medium-880782] time/training: 94.16392278671265
25-03-22.15:44|[gym-experiment-halfcheetah-medium-880782] evaluation/target_24000_return_mean: 4766.913523847393
25-03-22.15:44|[gym-experiment-halfcheetah-medium-880782] evaluation/target_24000_return_detail: [4020.4427128568677, 4829.455595846128, 4711.34107717076, 4921.323287597461, 4887.93342918018, 4951.582934432719, 4815.046407152772, 4717.172376815459, 5026.376329309159, 4788.461088112421]
25-03-22.15:44|[gym-experiment-halfcheetah-medium-880782] evaluation/target_24000_return_std: 266.3429488838783
25-03-22.15:44|[gym-experiment-halfcheetah-medium-880782] evaluation/target_24000_length_mean: 1000.0
25-03-22.15:44|[gym-experiment-halfcheetah-medium-880782] evaluation/target_24000_length_detail: [1000, 1000, 1000, 1000, 1000, 1000, 1000, 1000, 1000, 1000]
25-03-22.15:44|[gym-experiment-halfcheetah-medium-880782] evaluation/target_24000_length_std: 0.0
25-03-22.15:44|[gym-experiment-halfcheetah-medium-880782] evaluation/target_24000_normalized_score: 40.652595471673116
25-03-22.15:44|[gym-experiment-halfcheetah-medium-880782] evaluation/target_12000_return_mean: 4866.971742354907
25-03-22.15:44|[gym-experiment-halfcheetah-medium-880782] evaluation/target_12000_return_detail: [4795.5418496584, 4909.746552425007, 5077.787909066236, 4800.847152159526, 4694.434786899946, 4658.208755691691, 5077.591839829283, 4761.109537417221, 4883.529193809117, 5010.919846592645]
25-03-22.15:44|[gym-experiment-halfcheetah-medium-880782] evaluation/target_12000_return_std: 143.40908441498001
25-03-22.15:44|[gym-experiment-halfcheetah-medium-880782] evaluation/target_12000_length_mean: 1000.0
25-03-22.15:44|[gym-experiment-halfcheetah-medium-880782] evaluation/target_12000_length_detail: [1000, 1000, 1000, 1000, 1000, 1000, 1000, 1000, 1000, 1000]
25-03-22.15:44|[gym-experiment-halfcheetah-medium-880782] evaluation/target_12000_length_std: 0.0
25-03-22.15:44|[gym-experiment-halfcheetah-medium-880782] evaluation/target_12000_normalized_score: 41.458530036823596
25-03-22.15:44|[gym-experiment-halfcheetah-medium-880782] time/total: 5692.002050638199
25-03-22.15:44|[gym-experiment-halfcheetah-medium-880782] time/evaluation: 612.3520002365112
25-03-22.15:44|[gym-experiment-halfcheetah-medium-880782] training/train_loss_mean: -1.2931901111602784
25-03-22.15:44|[gym-experiment-halfcheetah-medium-880782] training/train_loss_std: 0.015647763252468066
25-03-22.15:44|[gym-experiment-halfcheetah-medium-880782] training/action_error: 0.04203449562191963
25-03-22.15:44|[gym-experiment-halfcheetah-medium-880782] ----------------------------------------Best_Iteration: 7
25-03-22.15:44|[gym-experiment-halfcheetah-medium-880782] Best_return_mean: 4911.672046843099
25-03-22.15:44|[gym-experiment-halfcheetah-medium-880782] Best_normalized_score: 41.81857562825175
hhh
================================================================================
Iteration 8
25-03-22.15:46|[gym-experiment-halfcheetah-medium-381434] ================================================================================
25-03-22.15:46|[gym-experiment-halfcheetah-medium-381434] Iteration 8
25-03-22.15:46|[gym-experiment-halfcheetah-medium-381434] time/training: 93.52632069587708
25-03-22.15:46|[gym-experiment-halfcheetah-medium-381434] evaluation/target_24000_return_mean: 4880.598701802244
25-03-22.15:46|[gym-experiment-halfcheetah-medium-381434] evaluation/target_24000_return_detail: [4904.331217894463, 4882.823616772869, 4838.553060452747, 4890.154085972242, 4957.279945630319, 4605.568068422485, 5015.3469809635, 4881.631341912584, 4941.721203072892, 4888.577496928345]
25-03-22.15:46|[gym-experiment-halfcheetah-medium-381434] evaluation/target_24000_return_std: 102.9111134707397
25-03-22.15:46|[gym-experiment-halfcheetah-medium-381434] evaluation/target_24000_length_mean: 1000.0
25-03-22.15:46|[gym-experiment-halfcheetah-medium-381434] evaluation/target_24000_length_detail: [1000, 1000, 1000, 1000, 1000, 1000, 1000, 1000, 1000, 1000]
25-03-22.15:46|[gym-experiment-halfcheetah-medium-381434] evaluation/target_24000_length_std: 0.0
25-03-22.15:46|[gym-experiment-halfcheetah-medium-381434] evaluation/target_24000_normalized_score: 41.568290512278075
25-03-22.15:46|[gym-experiment-halfcheetah-medium-381434] evaluation/target_12000_return_mean: 4876.882067946261
25-03-22.15:46|[gym-experiment-halfcheetah-medium-381434] evaluation/target_12000_return_detail: [4919.023611138881, 4908.182385101495, 4957.257118801759, 4916.199111077182, 4676.916993509506, 4829.147373289112, 4995.836042898232, 4933.6872444894825, 4713.493132152877, 4919.077667004081]
25-03-22.15:46|[gym-experiment-halfcheetah-medium-381434] evaluation/target_12000_return_std: 99.43818151207735
25-03-22.15:46|[gym-experiment-halfcheetah-medium-381434] evaluation/target_12000_length_mean: 1000.0
25-03-22.15:46|[gym-experiment-halfcheetah-medium-381434] evaluation/target_12000_length_detail: [1000, 1000, 1000, 1000, 1000, 1000, 1000, 1000, 1000, 1000]
25-03-22.15:46|[gym-experiment-halfcheetah-medium-381434] evaluation/target_12000_length_std: 0.0
25-03-22.15:46|[gym-experiment-halfcheetah-medium-381434] evaluation/target_12000_normalized_score: 41.538354303786406
25-03-22.15:46|[gym-experiment-halfcheetah-medium-381434] time/total: 5682.923735618591
25-03-22.15:46|[gym-experiment-halfcheetah-medium-381434] time/evaluation: 616.3121297359467
25-03-22.15:46|[gym-experiment-halfcheetah-medium-381434] training/train_loss_mean: -1.2939020249843598
25-03-22.15:46|[gym-experiment-halfcheetah-medium-381434] training/train_loss_std: 0.015560161278858417
25-03-22.15:46|[gym-experiment-halfcheetah-medium-381434] training/action_error: 0.0554424487054348
25-03-22.15:46|[gym-experiment-halfcheetah-medium-381434] ----------------------------------------Best_Iteration: 8
25-03-22.15:46|[gym-experiment-halfcheetah-medium-381434] Best_return_mean: 4880.598701802244
25-03-22.15:46|[gym-experiment-halfcheetah-medium-381434] Best_normalized_score: 41.568290512278075
hhh
================================================================================
Iteration 9
25-03-22.15:56|[gym-experiment-halfcheetah-medium-880782] ================================================================================
25-03-22.15:56|[gym-experiment-halfcheetah-medium-880782] Iteration 9
25-03-22.15:56|[gym-experiment-halfcheetah-medium-880782] time/training: 91.48221039772034
25-03-22.15:56|[gym-experiment-halfcheetah-medium-880782] evaluation/target_24000_return_mean: 4856.210159588545
25-03-22.15:56|[gym-experiment-halfcheetah-medium-880782] evaluation/target_24000_return_detail: [4856.852311805868, 4696.897849932219, 4967.428979114117, 4908.845433031976, 4953.90109104423, 4841.97163515675, 4973.968506594429, 4954.558260230651, 4845.58560685918, 4562.091922116033]
25-03-22.15:56|[gym-experiment-halfcheetah-medium-880782] evaluation/target_24000_return_std: 126.65897985749294
25-03-22.15:56|[gym-experiment-halfcheetah-medium-880782] evaluation/target_24000_length_mean: 1000.0
25-03-22.15:56|[gym-experiment-halfcheetah-medium-880782] evaluation/target_24000_length_detail: [1000, 1000, 1000, 1000, 1000, 1000, 1000, 1000, 1000, 1000]
25-03-22.15:56|[gym-experiment-halfcheetah-medium-880782] evaluation/target_24000_length_std: 0.0
25-03-22.15:56|[gym-experiment-halfcheetah-medium-880782] evaluation/target_24000_normalized_score: 41.371849185849946
25-03-22.15:56|[gym-experiment-halfcheetah-medium-880782] evaluation/target_12000_return_mean: 4885.526813277015
25-03-22.15:56|[gym-experiment-halfcheetah-medium-880782] evaluation/target_12000_return_detail: [5054.730073195472, 4920.202398012381, 4915.72094404613, 4937.703375322599, 4167.149483157908, 5045.707996775811, 4919.821359604731, 4954.669475052852, 4890.724696675696, 5048.838330926571]
25-03-22.15:56|[gym-experiment-halfcheetah-medium-880782] evaluation/target_12000_return_std: 246.54506927817508
25-03-22.15:56|[gym-experiment-halfcheetah-medium-880782] evaluation/target_12000_length_mean: 1000.0
25-03-22.15:56|[gym-experiment-halfcheetah-medium-880782] evaluation/target_12000_length_detail: [1000, 1000, 1000, 1000, 1000, 1000, 1000, 1000, 1000, 1000]
25-03-22.15:56|[gym-experiment-halfcheetah-medium-880782] evaluation/target_12000_length_std: 0.0
25-03-22.15:56|[gym-experiment-halfcheetah-medium-880782] evaluation/target_12000_normalized_score: 41.60798475666575
25-03-22.15:56|[gym-experiment-halfcheetah-medium-880782] time/total: 6399.36830496788
25-03-22.15:56|[gym-experiment-halfcheetah-medium-880782] time/evaluation: 615.8826034069061
25-03-22.15:56|[gym-experiment-halfcheetah-medium-880782] training/train_loss_mean: -1.2978445935249328
25-03-22.15:56|[gym-experiment-halfcheetah-medium-880782] training/train_loss_std: 0.016014964343880396
25-03-22.15:56|[gym-experiment-halfcheetah-medium-880782] training/action_error: 0.04377231374382973
25-03-22.15:56|[gym-experiment-halfcheetah-medium-880782] ----------------------------------------Best_Iteration: 7
25-03-22.15:56|[gym-experiment-halfcheetah-medium-880782] Best_return_mean: 4911.672046843099
25-03-22.15:56|[gym-experiment-halfcheetah-medium-880782] Best_normalized_score: 41.81857562825175
hhh
================================================================================
Iteration 9
25-03-22.15:57|[gym-experiment-halfcheetah-medium-381434] ================================================================================
25-03-22.15:57|[gym-experiment-halfcheetah-medium-381434] Iteration 9
25-03-22.15:57|[gym-experiment-halfcheetah-medium-381434] time/training: 93.52480792999268
25-03-22.15:57|[gym-experiment-halfcheetah-medium-381434] evaluation/target_24000_return_mean: 2739.5181633621037
25-03-22.15:57|[gym-experiment-halfcheetah-medium-381434] evaluation/target_24000_return_detail: [-47.12686358394341, 1466.4516634691809, 4813.0550682988305, -34.317408496248106, 5100.540520693079, 4823.811775664288, 5152.135157620686, 1278.142855860805, 4889.8548729395625, -47.366008845206686]
25-03-22.15:57|[gym-experiment-halfcheetah-medium-381434] evaluation/target_24000_return_std: 2272.5651637194114
25-03-22.15:57|[gym-experiment-halfcheetah-medium-381434] evaluation/target_24000_length_mean: 1000.0
25-03-22.15:57|[gym-experiment-halfcheetah-medium-381434] evaluation/target_24000_length_detail: [1000, 1000, 1000, 1000, 1000, 1000, 1000, 1000, 1000, 1000]
25-03-22.15:57|[gym-experiment-halfcheetah-medium-381434] evaluation/target_24000_length_std: 0.0
25-03-22.15:57|[gym-experiment-halfcheetah-medium-381434] evaluation/target_24000_normalized_score: 24.322622555774156
25-03-22.15:57|[gym-experiment-halfcheetah-medium-381434] evaluation/target_12000_return_mean: 4398.076593594658
25-03-22.15:57|[gym-experiment-halfcheetah-medium-381434] evaluation/target_12000_return_detail: [5112.751537605169, 5196.0463001214375, 3524.361959768769, 4974.79610430024, 5090.507141010679, -37.10627821224155, 4912.448992608449, 5182.3600175454485, 5078.828615366058, 4945.771545832579]
25-03-22.15:57|[gym-experiment-halfcheetah-medium-381434] evaluation/target_12000_return_std: 1550.3831230598753
25-03-22.15:57|[gym-experiment-halfcheetah-medium-381434] evaluation/target_12000_length_mean: 1000.0
25-03-22.15:57|[gym-experiment-halfcheetah-medium-381434] evaluation/target_12000_length_detail: [1000, 1000, 1000, 1000, 1000, 1000, 1000, 1000, 1000, 1000]
25-03-22.15:57|[gym-experiment-halfcheetah-medium-381434] evaluation/target_12000_length_std: 0.0
25-03-22.15:57|[gym-experiment-halfcheetah-medium-381434] evaluation/target_12000_normalized_score: 37.68174074900632
25-03-22.15:57|[gym-experiment-halfcheetah-medium-381434] time/total: 6395.53341960907
25-03-22.15:57|[gym-experiment-halfcheetah-medium-381434] time/evaluation: 619.0834410190582
25-03-22.15:57|[gym-experiment-halfcheetah-medium-381434] training/train_loss_mean: -1.2968290288448334
25-03-22.15:57|[gym-experiment-halfcheetah-medium-381434] training/train_loss_std: 0.015102224934986258
25-03-22.15:57|[gym-experiment-halfcheetah-medium-381434] training/action_error: 0.03718666732311249
25-03-22.15:57|[gym-experiment-halfcheetah-medium-381434] ----------------------------------------Best_Iteration: 8
25-03-22.15:57|[gym-experiment-halfcheetah-medium-381434] Best_return_mean: 4880.598701802244
25-03-22.15:57|[gym-experiment-halfcheetah-medium-381434] Best_normalized_score: 41.568290512278075
hhh
================================================================================
Iteration 10
25-03-22.16:08|[gym-experiment-halfcheetah-medium-880782] ================================================================================
25-03-22.16:08|[gym-experiment-halfcheetah-medium-880782] Iteration 10
25-03-22.16:08|[gym-experiment-halfcheetah-medium-880782] time/training: 93.737295627594
25-03-22.16:08|[gym-experiment-halfcheetah-medium-880782] evaluation/target_24000_return_mean: 4874.069622527469
25-03-22.16:08|[gym-experiment-halfcheetah-medium-880782] evaluation/target_24000_return_detail: [4901.785074210603, 4735.5682164158225, 5026.623203592795, 4973.790037761757, 4787.060493102674, 4925.529560931637, 4906.81772378513, 4688.145803735739, 4851.363450981472, 4944.012660757058]
25-03-22.16:08|[gym-experiment-halfcheetah-medium-880782] evaluation/target_24000_return_std: 102.1929348263484
25-03-22.16:08|[gym-experiment-halfcheetah-medium-880782] evaluation/target_24000_length_mean: 1000.0
25-03-22.16:08|[gym-experiment-halfcheetah-medium-880782] evaluation/target_24000_length_detail: [1000, 1000, 1000, 1000, 1000, 1000, 1000, 1000, 1000, 1000]
25-03-22.16:08|[gym-experiment-halfcheetah-medium-880782] evaluation/target_24000_length_std: 0.0
25-03-22.16:08|[gym-experiment-halfcheetah-medium-880782] evaluation/target_24000_normalized_score: 41.51570102243268
25-03-22.16:08|[gym-experiment-halfcheetah-medium-880782] evaluation/target_12000_return_mean: 4958.509901564862
25-03-22.16:08|[gym-experiment-halfcheetah-medium-880782] evaluation/target_12000_return_detail: [4945.757409545364, 5056.26877786, 4735.6791560106585, 4775.897920677237, 5118.0536120384995, 5010.420173820725, 5033.249855714429, 5058.176821820218, 4826.21084802386, 5025.384440137633]
25-03-22.16:08|[gym-experiment-halfcheetah-medium-880782] evaluation/target_12000_return_std: 125.84266836377327
25-03-22.16:08|[gym-experiment-halfcheetah-medium-880782] evaluation/target_12000_length_mean: 1000.0
25-03-22.16:08|[gym-experiment-halfcheetah-medium-880782] evaluation/target_12000_length_detail: [1000, 1000, 1000, 1000, 1000, 1000, 1000, 1000, 1000, 1000]
25-03-22.16:08|[gym-experiment-halfcheetah-medium-880782] evaluation/target_12000_length_std: 0.0
25-03-22.16:08|[gym-experiment-halfcheetah-medium-880782] evaluation/target_12000_normalized_score: 42.19583845224387
25-03-22.16:08|[gym-experiment-halfcheetah-medium-880782] time/total: 7113.430260896683
25-03-22.16:08|[gym-experiment-halfcheetah-medium-880782] time/evaluation: 620.3232202529907
25-03-22.16:08|[gym-experiment-halfcheetah-medium-880782] training/train_loss_mean: -1.3006954979896546
25-03-22.16:08|[gym-experiment-halfcheetah-medium-880782] training/train_loss_std: 0.0158796327404272
25-03-22.16:08|[gym-experiment-halfcheetah-medium-880782] training/action_error: 0.047510936856269836
25-03-22.16:08|[gym-experiment-halfcheetah-medium-880782] ----------------------------------------Best_Iteration: 10
25-03-22.16:08|[gym-experiment-halfcheetah-medium-880782] Best_return_mean: 4958.509901564862
25-03-22.16:08|[gym-experiment-halfcheetah-medium-880782] Best_normalized_score: 42.19583845224387
hhh
================================================================================
Iteration 10
25-03-22.16:09|[gym-experiment-halfcheetah-medium-381434] ================================================================================
25-03-22.16:09|[gym-experiment-halfcheetah-medium-381434] Iteration 10
25-03-22.16:09|[gym-experiment-halfcheetah-medium-381434] time/training: 94.63002753257751
25-03-22.16:09|[gym-experiment-halfcheetah-medium-381434] evaluation/target_24000_return_mean: 4238.5122736031435
25-03-22.16:09|[gym-experiment-halfcheetah-medium-381434] evaluation/target_24000_return_detail: [5020.619925594713, 1568.4210677641775, 4803.808369608061, 4897.105627330382, 4959.4040069985085, 4774.193682113767, 4837.6609013339885, 4861.13388258041, 1850.9552831182855, 4811.819989589134]
25-03-22.16:09|[gym-experiment-halfcheetah-medium-381434] evaluation/target_24000_return_std: 1267.9420585080188
25-03-22.16:09|[gym-experiment-halfcheetah-medium-381434] evaluation/target_24000_length_mean: 1000.0
25-03-22.16:09|[gym-experiment-halfcheetah-medium-381434] evaluation/target_24000_length_detail: [1000, 1000, 1000, 1000, 1000, 1000, 1000, 1000, 1000, 1000]
25-03-22.16:09|[gym-experiment-halfcheetah-medium-381434] evaluation/target_24000_length_std: 0.0
25-03-22.16:09|[gym-experiment-halfcheetah-medium-381434] evaluation/target_24000_normalized_score: 36.39650498562687
25-03-22.16:09|[gym-experiment-halfcheetah-medium-381434] evaluation/target_12000_return_mean: 4974.948623622421
25-03-22.16:09|[gym-experiment-halfcheetah-medium-381434] evaluation/target_12000_return_detail: [4987.555981847608, 5065.556075026254, 4969.739936547437, 4932.139661715809, 4832.141942798071, 4944.329258233195, 5081.967068600031, 5014.464067856204, 4952.506045264181, 4969.086198335428]
25-03-22.16:09|[gym-experiment-halfcheetah-medium-381434] evaluation/target_12000_return_std: 67.16557321189178
25-03-22.16:09|[gym-experiment-halfcheetah-medium-381434] evaluation/target_12000_length_mean: 1000.0
25-03-22.16:09|[gym-experiment-halfcheetah-medium-381434] evaluation/target_12000_length_detail: [1000, 1000, 1000, 1000, 1000, 1000, 1000, 1000, 1000, 1000]
25-03-22.16:09|[gym-experiment-halfcheetah-medium-381434] evaluation/target_12000_length_std: 0.0
25-03-22.16:09|[gym-experiment-halfcheetah-medium-381434] evaluation/target_12000_normalized_score: 42.32824670926369
25-03-22.16:09|[gym-experiment-halfcheetah-medium-381434] time/total: 7109.80206990242
25-03-22.16:09|[gym-experiment-halfcheetah-medium-381434] time/evaluation: 619.6371893882751
25-03-22.16:09|[gym-experiment-halfcheetah-medium-381434] training/train_loss_mean: -1.2979368953704833
25-03-22.16:09|[gym-experiment-halfcheetah-medium-381434] training/train_loss_std: 0.016596279645300624
25-03-22.16:09|[gym-experiment-halfcheetah-medium-381434] training/action_error: 0.04318002983927727
25-03-22.16:09|[gym-experiment-halfcheetah-medium-381434] ----------------------------------------Best_Iteration: 10
25-03-22.16:09|[gym-experiment-halfcheetah-medium-381434] Best_return_mean: 4974.948623622421
25-03-22.16:09|[gym-experiment-halfcheetah-medium-381434] Best_normalized_score: 42.32824670926369
hhh
================================================================================
Iteration 11
25-03-22.16:20|[gym-experiment-halfcheetah-medium-880782] ================================================================================
25-03-22.16:20|[gym-experiment-halfcheetah-medium-880782] Iteration 11
25-03-22.16:20|[gym-experiment-halfcheetah-medium-880782] time/training: 96.01080274581909
25-03-22.16:20|[gym-experiment-halfcheetah-medium-880782] evaluation/target_24000_return_mean: 4513.230044628521
25-03-22.16:20|[gym-experiment-halfcheetah-medium-880782] evaluation/target_24000_return_detail: [5005.852973534788, 4472.437774572097, 4832.0570579134655, 5114.086713343455, 5107.90909892335, 5199.525876823154, 354.28717103968495, 4842.440399434297, 4917.65123581573, 5286.052144885184]
25-03-22.16:20|[gym-experiment-halfcheetah-medium-880782] evaluation/target_24000_return_std: 1403.4835834108562
25-03-22.16:20|[gym-experiment-halfcheetah-medium-880782] evaluation/target_24000_length_mean: 1000.0
25-03-22.16:20|[gym-experiment-halfcheetah-medium-880782] evaluation/target_24000_length_detail: [1000, 1000, 1000, 1000, 1000, 1000, 1000, 1000, 1000, 1000]
25-03-22.16:20|[gym-experiment-halfcheetah-medium-880782] evaluation/target_24000_length_std: 0.0
25-03-22.16:20|[gym-experiment-halfcheetah-medium-880782] evaluation/target_24000_normalized_score: 38.60926222469184
25-03-22.16:20|[gym-experiment-halfcheetah-medium-880782] evaluation/target_12000_return_mean: 5047.536075793583
25-03-22.16:20|[gym-experiment-halfcheetah-medium-880782] evaluation/target_12000_return_detail: [4998.920883186096, 5061.051241366202, 5029.598857219952, 5250.452640234406, 5100.892066519802, 5111.452545944849, 5005.282695260091, 4918.087932258673, 5020.422789394847, 4979.199106550913]
25-03-22.16:20|[gym-experiment-halfcheetah-medium-880782] evaluation/target_12000_return_std: 86.55772131131546
25-03-22.16:20|[gym-experiment-halfcheetah-medium-880782] evaluation/target_12000_length_mean: 1000.0
25-03-22.16:20|[gym-experiment-halfcheetah-medium-880782] evaluation/target_12000_length_detail: [1000, 1000, 1000, 1000, 1000, 1000, 1000, 1000, 1000, 1000]
25-03-22.16:20|[gym-experiment-halfcheetah-medium-880782] evaluation/target_12000_length_std: 0.0
25-03-22.16:20|[gym-experiment-halfcheetah-medium-880782] evaluation/target_12000_normalized_score: 42.91291369188195
25-03-22.16:20|[gym-experiment-halfcheetah-medium-880782] time/total: 7828.013030529022
25-03-22.16:20|[gym-experiment-halfcheetah-medium-880782] time/evaluation: 618.5705499649048
25-03-22.16:20|[gym-experiment-halfcheetah-medium-880782] training/train_loss_mean: -1.2987948648929597
25-03-22.16:20|[gym-experiment-halfcheetah-medium-880782] training/train_loss_std: 0.014806274836005981
25-03-22.16:20|[gym-experiment-halfcheetah-medium-880782] training/action_error: 0.03910484537482262
25-03-22.16:20|[gym-experiment-halfcheetah-medium-880782] ----------------------------------------Best_Iteration: 11
25-03-22.16:20|[gym-experiment-halfcheetah-medium-880782] Best_return_mean: 5047.536075793583
25-03-22.16:20|[gym-experiment-halfcheetah-medium-880782] Best_normalized_score: 42.91291369188195
hhh
================================================================================
Iteration 11
25-03-22.16:21|[gym-experiment-halfcheetah-medium-381434] ================================================================================
25-03-22.16:21|[gym-experiment-halfcheetah-medium-381434] Iteration 11
25-03-22.16:21|[gym-experiment-halfcheetah-medium-381434] time/training: 96.68005561828613
25-03-22.16:21|[gym-experiment-halfcheetah-medium-381434] evaluation/target_24000_return_mean: 4572.875977629389
25-03-22.16:21|[gym-experiment-halfcheetah-medium-381434] evaluation/target_24000_return_detail: [5004.972653464751, 4923.5036408462765, 4910.356854648791, 4894.865432695332, 4795.783055041927, 4660.87499218087, 1913.5486181456602, 4820.481244080388, 4752.398448707884, 5051.974836482005]
25-03-22.16:21|[gym-experiment-halfcheetah-medium-381434] evaluation/target_24000_return_std: 893.2941086663432
25-03-22.16:21|[gym-experiment-halfcheetah-medium-381434] evaluation/target_24000_length_mean: 1000.0
25-03-22.16:21|[gym-experiment-halfcheetah-medium-381434] evaluation/target_24000_length_detail: [1000, 1000, 1000, 1000, 1000, 1000, 1000, 1000, 1000, 1000]
25-03-22.16:21|[gym-experiment-halfcheetah-medium-381434] evaluation/target_24000_length_std: 0.0
25-03-22.16:21|[gym-experiment-halfcheetah-medium-381434] evaluation/target_24000_normalized_score: 39.08968971773619
25-03-22.16:21|[gym-experiment-halfcheetah-medium-381434] evaluation/target_12000_return_mean: 4918.644529898676
25-03-22.16:21|[gym-experiment-halfcheetah-medium-381434] evaluation/target_12000_return_detail: [5007.408401981475, 5030.851659080439, 4887.019919657352, 4734.079414495145, 4868.111691962691, 4817.231580877349, 4971.887457897102, 5075.43431369459, 5071.506907374798, 4722.913951965811]
25-03-22.16:21|[gym-experiment-halfcheetah-medium-381434] evaluation/target_12000_return_std: 125.48594655675444
25-03-22.16:21|[gym-experiment-halfcheetah-medium-381434] evaluation/target_12000_length_mean: 1000.0
25-03-22.16:21|[gym-experiment-halfcheetah-medium-381434] evaluation/target_12000_length_detail: [1000, 1000, 1000, 1000, 1000, 1000, 1000, 1000, 1000, 1000]
25-03-22.16:21|[gym-experiment-halfcheetah-medium-381434] evaluation/target_12000_length_std: 0.0
25-03-22.16:21|[gym-experiment-halfcheetah-medium-381434] evaluation/target_12000_normalized_score: 41.874736583176144
25-03-22.16:21|[gym-experiment-halfcheetah-medium-381434] time/total: 7827.639774084091
25-03-22.16:21|[gym-experiment-halfcheetah-medium-381434] time/evaluation: 621.156236410141
25-03-22.16:21|[gym-experiment-halfcheetah-medium-381434] training/train_loss_mean: -1.2996416988372803
25-03-22.16:21|[gym-experiment-halfcheetah-medium-381434] training/train_loss_std: 0.015542205070739902
25-03-22.16:21|[gym-experiment-halfcheetah-medium-381434] training/action_error: 0.04723228141665459
25-03-22.16:21|[gym-experiment-halfcheetah-medium-381434] ----------------------------------------Best_Iteration: 10
25-03-22.16:21|[gym-experiment-halfcheetah-medium-381434] Best_return_mean: 4974.948623622421
25-03-22.16:21|[gym-experiment-halfcheetah-medium-381434] Best_normalized_score: 42.32824670926369
hhh
================================================================================
Iteration 12
25-03-22.16:32|[gym-experiment-halfcheetah-medium-880782] ================================================================================
25-03-22.16:32|[gym-experiment-halfcheetah-medium-880782] Iteration 12
25-03-22.16:32|[gym-experiment-halfcheetah-medium-880782] time/training: 100.65541005134583
25-03-22.16:32|[gym-experiment-halfcheetah-medium-880782] evaluation/target_24000_return_mean: 4510.500165236338
25-03-22.16:32|[gym-experiment-halfcheetah-medium-880782] evaluation/target_24000_return_detail: [5019.184053792309, 4742.500280634926, 4781.963100387572, 800.3331820615356, 4834.819086763681, 5056.8199516864, 5056.535864114163, 5118.620183750604, 4851.211610415086, 4843.014338757105]
25-03-22.16:32|[gym-experiment-halfcheetah-medium-880782] evaluation/target_24000_return_std: 1242.9753617021133
25-03-22.16:32|[gym-experiment-halfcheetah-medium-880782] evaluation/target_24000_length_mean: 1000.0
25-03-22.16:32|[gym-experiment-halfcheetah-medium-880782] evaluation/target_24000_length_detail: [1000, 1000, 1000, 1000, 1000, 1000, 1000, 1000, 1000, 1000]
25-03-22.16:32|[gym-experiment-halfcheetah-medium-880782] evaluation/target_24000_length_std: 0.0
25-03-22.16:32|[gym-experiment-halfcheetah-medium-880782] evaluation/target_24000_normalized_score: 38.587273984308695
25-03-22.16:32|[gym-experiment-halfcheetah-medium-880782] evaluation/target_12000_return_mean: 4562.160897777391
25-03-22.16:32|[gym-experiment-halfcheetah-medium-880782] evaluation/target_12000_return_detail: [4795.996325873058, 5136.133743431196, 5104.821879214429, 5090.211187661664, 853.4819542290813, 5255.962109003115, 4828.363355543094, 4827.438689080043, 4781.49812738546, 4947.701606352775]
25-03-22.16:32|[gym-experiment-halfcheetah-medium-880782] evaluation/target_12000_return_std: 1246.2378595099105
25-03-22.16:32|[gym-experiment-halfcheetah-medium-880782] evaluation/target_12000_length_mean: 1000.0
25-03-22.16:32|[gym-experiment-halfcheetah-medium-880782] evaluation/target_12000_length_detail: [1000, 1000, 1000, 1000, 1000, 1000, 1000, 1000, 1000, 1000]
25-03-22.16:32|[gym-experiment-halfcheetah-medium-880782] evaluation/target_12000_length_std: 0.0
25-03-22.16:32|[gym-experiment-halfcheetah-medium-880782] evaluation/target_12000_normalized_score: 39.00338343175706
25-03-22.16:32|[gym-experiment-halfcheetah-medium-880782] time/total: 8545.194923877716
25-03-22.16:32|[gym-experiment-halfcheetah-medium-880782] time/evaluation: 616.5250458717346
25-03-22.16:32|[gym-experiment-halfcheetah-medium-880782] training/train_loss_mean: -1.3016991167068481
25-03-22.16:32|[gym-experiment-halfcheetah-medium-880782] training/train_loss_std: 0.015343479124913186
25-03-22.16:32|[gym-experiment-halfcheetah-medium-880782] training/action_error: 0.04101065918803215
25-03-22.16:32|[gym-experiment-halfcheetah-medium-880782] ----------------------------------------Best_Iteration: 11
25-03-22.16:32|[gym-experiment-halfcheetah-medium-880782] Best_return_mean: 5047.536075793583
25-03-22.16:32|[gym-experiment-halfcheetah-medium-880782] Best_normalized_score: 42.91291369188195
hhh
================================================================================
Iteration 12
25-03-22.16:33|[gym-experiment-halfcheetah-medium-381434] ================================================================================
25-03-22.16:33|[gym-experiment-halfcheetah-medium-381434] Iteration 12
25-03-22.16:33|[gym-experiment-halfcheetah-medium-381434] time/training: 93.9892213344574
25-03-22.16:33|[gym-experiment-halfcheetah-medium-381434] evaluation/target_24000_return_mean: 4955.535208420204
25-03-22.16:33|[gym-experiment-halfcheetah-medium-381434] evaluation/target_24000_return_detail: [4838.375279072342, 5168.802638324569, 4893.541155258015, 4991.175327299317, 5114.319822947347, 5120.41932878099, 4809.76402861636, 4892.54172324961, 4898.725203413136, 4827.687577240342]
25-03-22.16:33|[gym-experiment-halfcheetah-medium-381434] evaluation/target_24000_return_std: 127.08739625322181
25-03-22.16:33|[gym-experiment-halfcheetah-medium-381434] evaluation/target_24000_length_mean: 1000.0
25-03-22.16:33|[gym-experiment-halfcheetah-medium-381434] evaluation/target_24000_length_detail: [1000, 1000, 1000, 1000, 1000, 1000, 1000, 1000, 1000, 1000]
25-03-22.16:33|[gym-experiment-halfcheetah-medium-381434] evaluation/target_24000_length_std: 0.0
25-03-22.16:33|[gym-experiment-halfcheetah-medium-381434] evaluation/target_24000_normalized_score: 42.17187832121459
25-03-22.16:33|[gym-experiment-halfcheetah-medium-381434] evaluation/target_12000_return_mean: 4961.484590941254
25-03-22.16:33|[gym-experiment-halfcheetah-medium-381434] evaluation/target_12000_return_detail: [5157.672327034192, 4866.877255015505, 4972.885771629471, 4997.406159371889, 4868.7069181865345, 4836.796290306188, 5062.502607866615, 4955.418029440616, 5027.502162970943, 4869.0783875905845]
25-03-22.16:33|[gym-experiment-halfcheetah-medium-381434] evaluation/target_12000_return_std: 98.05817652151103
25-03-22.16:33|[gym-experiment-halfcheetah-medium-381434] evaluation/target_12000_length_mean: 1000.0
25-03-22.16:33|[gym-experiment-halfcheetah-medium-381434] evaluation/target_12000_length_detail: [1000, 1000, 1000, 1000, 1000, 1000, 1000, 1000, 1000, 1000]
25-03-22.16:33|[gym-experiment-halfcheetah-medium-381434] evaluation/target_12000_length_std: 0.0
25-03-22.16:33|[gym-experiment-halfcheetah-medium-381434] evaluation/target_12000_normalized_score: 42.219798552921056
25-03-22.16:33|[gym-experiment-halfcheetah-medium-381434] time/total: 8540.05941581726
25-03-22.16:33|[gym-experiment-halfcheetah-medium-381434] time/evaluation: 618.4289085865021
25-03-22.16:33|[gym-experiment-halfcheetah-medium-381434] training/train_loss_mean: -1.2977712645530701
25-03-22.16:33|[gym-experiment-halfcheetah-medium-381434] training/train_loss_std: 0.016354212298764766
25-03-22.16:33|[gym-experiment-halfcheetah-medium-381434] training/action_error: 0.03614391013979912
25-03-22.16:33|[gym-experiment-halfcheetah-medium-381434] ----------------------------------------Best_Iteration: 10
25-03-22.16:33|[gym-experiment-halfcheetah-medium-381434] Best_return_mean: 4974.948623622421
25-03-22.16:33|[gym-experiment-halfcheetah-medium-381434] Best_normalized_score: 42.32824670926369
hhh
================================================================================
Iteration 13
25-03-22.16:44|[gym-experiment-halfcheetah-medium-880782] ================================================================================
25-03-22.16:44|[gym-experiment-halfcheetah-medium-880782] Iteration 13
25-03-22.16:44|[gym-experiment-halfcheetah-medium-880782] time/training: 94.75582838058472
25-03-22.16:44|[gym-experiment-halfcheetah-medium-880782] evaluation/target_24000_return_mean: 4879.567190589603
25-03-22.16:44|[gym-experiment-halfcheetah-medium-880782] evaluation/target_24000_return_detail: [4855.871588972576, 4660.535956679997, 4781.593136714742, 4936.989439544316, 5093.671935019574, 4884.618000175657, 4938.84125461684, 4890.139111139435, 4837.363804964319, 4916.047678068579]
25-03-22.16:44|[gym-experiment-halfcheetah-medium-880782] evaluation/target_24000_return_std: 106.78758215818152
25-03-22.16:44|[gym-experiment-halfcheetah-medium-880782] evaluation/target_24000_length_mean: 1000.0
25-03-22.16:44|[gym-experiment-halfcheetah-medium-880782] evaluation/target_24000_length_detail: [1000, 1000, 1000, 1000, 1000, 1000, 1000, 1000, 1000, 1000]
25-03-22.16:44|[gym-experiment-halfcheetah-medium-880782] evaluation/target_24000_length_std: 0.0
25-03-22.16:44|[gym-experiment-halfcheetah-medium-880782] evaluation/target_24000_normalized_score: 41.55998204393826
25-03-22.16:44|[gym-experiment-halfcheetah-medium-880782] evaluation/target_12000_return_mean: 4898.323176934148
25-03-22.16:44|[gym-experiment-halfcheetah-medium-880782] evaluation/target_12000_return_detail: [4808.629186143675, 4853.018532989621, 4874.4682170946335, 4948.030507841372, 4747.467269600853, 4742.381782149899, 5115.691236832307, 4939.989360526129, 4936.096076052745, 5017.459600110251]
25-03-22.16:44|[gym-experiment-halfcheetah-medium-880782] evaluation/target_12000_return_std: 111.72190812028111
25-03-22.16:44|[gym-experiment-halfcheetah-medium-880782] evaluation/target_12000_length_mean: 1000.0
25-03-22.16:44|[gym-experiment-halfcheetah-medium-880782] evaluation/target_12000_length_detail: [1000, 1000, 1000, 1000, 1000, 1000, 1000, 1000, 1000, 1000]
25-03-22.16:44|[gym-experiment-halfcheetah-medium-880782] evaluation/target_12000_length_std: 0.0
25-03-22.16:44|[gym-experiment-halfcheetah-medium-880782] evaluation/target_12000_normalized_score: 41.71105506846372
25-03-22.16:44|[gym-experiment-halfcheetah-medium-880782] time/total: 9255.361607789993
25-03-22.16:44|[gym-experiment-halfcheetah-medium-880782] time/evaluation: 615.4094269275665
25-03-22.16:44|[gym-experiment-halfcheetah-medium-880782] training/train_loss_mean: -1.3027528102397918
25-03-22.16:44|[gym-experiment-halfcheetah-medium-880782] training/train_loss_std: 0.014568960373368533
25-03-22.16:44|[gym-experiment-halfcheetah-medium-880782] training/action_error: 0.04199177771806717
25-03-22.16:44|[gym-experiment-halfcheetah-medium-880782] ----------------------------------------Best_Iteration: 11
25-03-22.16:44|[gym-experiment-halfcheetah-medium-880782] Best_return_mean: 5047.536075793583
25-03-22.16:44|[gym-experiment-halfcheetah-medium-880782] Best_normalized_score: 42.91291369188195
hhh
================================================================================
Iteration 13
25-03-22.16:45|[gym-experiment-halfcheetah-medium-381434] ================================================================================
25-03-22.16:45|[gym-experiment-halfcheetah-medium-381434] Iteration 13
25-03-22.16:45|[gym-experiment-halfcheetah-medium-381434] time/training: 93.83975577354431
25-03-22.16:45|[gym-experiment-halfcheetah-medium-381434] evaluation/target_24000_return_mean: 4935.800814900992
25-03-22.16:45|[gym-experiment-halfcheetah-medium-381434] evaluation/target_24000_return_detail: [4769.528984783111, 4790.423068060628, 4896.318144540411, 4959.991172355801, 4999.086533019145, 5022.605887832534, 4991.082112219609, 4910.665874330154, 4959.59283887882, 5058.713532989709]
25-03-22.16:45|[gym-experiment-halfcheetah-medium-381434] evaluation/target_24000_return_std: 90.4580853034994
25-03-22.16:45|[gym-experiment-halfcheetah-medium-381434] evaluation/target_24000_length_mean: 1000.0
25-03-22.16:45|[gym-experiment-halfcheetah-medium-381434] evaluation/target_24000_length_detail: [1000, 1000, 1000, 1000, 1000, 1000, 1000, 1000, 1000, 1000]
25-03-22.16:45|[gym-experiment-halfcheetah-medium-381434] evaluation/target_24000_length_std: 0.0
25-03-22.16:45|[gym-experiment-halfcheetah-medium-381434] evaluation/target_24000_normalized_score: 42.01292456312604
25-03-22.16:45|[gym-experiment-halfcheetah-medium-381434] evaluation/target_12000_return_mean: 5011.579500841797
25-03-22.16:45|[gym-experiment-halfcheetah-medium-381434] evaluation/target_12000_return_detail: [5024.39944238332, 5070.8879375456345, 4885.366568578391, 5018.177750627072, 5010.371265807926, 5066.128694831238, 4974.980579066387, 4854.947450066117, 5035.806815011565, 5174.728504500314]
25-03-22.16:45|[gym-experiment-halfcheetah-medium-381434] evaluation/target_12000_return_std: 87.01137723590924
25-03-22.16:45|[gym-experiment-halfcheetah-medium-381434] evaluation/target_12000_length_mean: 1000.0
25-03-22.16:45|[gym-experiment-halfcheetah-medium-381434] evaluation/target_12000_length_detail: [1000, 1000, 1000, 1000, 1000, 1000, 1000, 1000, 1000, 1000]
25-03-22.16:45|[gym-experiment-halfcheetah-medium-381434] evaluation/target_12000_length_std: 0.0
25-03-22.16:45|[gym-experiment-halfcheetah-medium-381434] evaluation/target_12000_normalized_score: 42.62329583709381
25-03-22.16:45|[gym-experiment-halfcheetah-medium-381434] time/total: 9252.793226003647
25-03-22.16:45|[gym-experiment-halfcheetah-medium-381434] time/evaluation: 618.8926255702972
25-03-22.16:45|[gym-experiment-halfcheetah-medium-381434] training/train_loss_mean: -1.3011822507381439
25-03-22.16:45|[gym-experiment-halfcheetah-medium-381434] training/train_loss_std: 0.016303994150405125
25-03-22.16:45|[gym-experiment-halfcheetah-medium-381434] training/action_error: 0.03915856033563614
25-03-22.16:45|[gym-experiment-halfcheetah-medium-381434] ----------------------------------------Best_Iteration: 13
25-03-22.16:45|[gym-experiment-halfcheetah-medium-381434] Best_return_mean: 5011.579500841797
25-03-22.16:45|[gym-experiment-halfcheetah-medium-381434] Best_normalized_score: 42.62329583709381
hhh
================================================================================
Iteration 14
25-03-22.16:56|[gym-experiment-halfcheetah-medium-880782] ================================================================================
25-03-22.16:56|[gym-experiment-haWarning: All of online environments libraries in D4RL have been moved ]8;;https://github.com/Farama-Foundation/Gymnasium\Gymnasium]8;;\, ]8;;https://github.com/Farama-Foundation/MiniGrid\MiniGrid]8;;\ and ]8;;https://github.com/Farama-Foundation/Gymnasium-Robotics\Gymnasium-Robotics]8;;\, and all offline datasets in D4RL have been moved to ]8;;https://github.com/Farama-Foundation/Minari\Minari]8;;\.
These new versions include large bug fixes, new versions of Python, and are where all new development will continue. Please upgrade these libraries as soon as you're able to do so.
If you'd like to read more about the story behind this switch, please check out ]8;;https://farama.org/Announcing-Minari\this blog post]8;;\.
Warning: Flow failed to import. Set the environment variable D4RL_SUPPRESS_IMPORT_ERROR=1 to suppress this message.
No module named 'flow'
/home/user001/.conda/envs/decision-transformer-gym/lib/python3.8/site-packages/glfw/__init__.py:917: GLFWError: (65550) b'X11: The DISPLAY environment variable is missing'
  warnings.warn(message, GLFWError)
Warning: CARLA failed to import. Set the environment variable D4RL_SUPPRESS_IMPORT_ERROR=1 to suppress this message.
No module named 'carla'
/home/user001/.conda/envs/decision-transformer-gym/lib/python3.8/site-packages/gym/logger.py:30: UserWarning: [33mWARN: Box bound precision lowered by casting to float32[0m
  warnings.warn(colorize('%s: %s'%('WARN', msg % args), 'yellow'))
Traceback (most recent call last):
  File "experiment_test4.py", line 401, in <module>
    experiment('gym-experiment', variant=vars(args))
  File "experiment_test4.py", line 369, in experiment
    outputs,best_iter,best_ret,best_nor_ret = trainer.train_iteration(num_steps=variant['num_steps_per_iter'], iter_num=iter+1, best_iter=best_iter,best_ret=best_ret,
  File "/home/user001/wkb/offline_RL/decision-transformer/gym/decision_transformer/training/trainer.py", line 82, in train_iteration
    logger.log(f'Iteration {iter_num}')
  File "/home/user001/wkb/offline_RL/decision-transformer/gym/logger.py", line 355, in log
    print(out, flush=True)
OSError: [Errno 28] No space left on device
lfcheetah-medium-880782] Iteration 14
hhh
================================================================================
Iteration 14
25-03-22.16:57|[gym-experiment-halfcheetah-medium-381434] ================================================================================
25-03-22.16:57|[gym-experiment-halfcheetah-medium-381434] Iteration 14
25-03-22.16:57|[gym-experiment-halfcheetah-medium-381434] time/training: 94.11291790008545
25-03-22.16:57|[gym-experiment-halfcheetah-medium-381434] evaluation/target_24000_return_mean: 4908.225678065708
Warning: All of online environments libraries in D4RL have been moved ]8;;https://github.com/Farama-Foundation/Gymnasium\Gymnasium]8;;\, ]8;;https://github.com/Farama-Foundation/MiniGrid\MiniGrid]8;;\ and ]8;;https://github.com/Farama-Foundation/Gymnasium-Robotics\Gymnasium-Robotics]8;;\, and all offline datasets in D4RL have been moved to ]8;;https://github.com/Farama-Foundation/Minari\Minari]8;;\.
These new versions include large bug fixes, new versions of Python, and are where all new development will continue. Please upgrade these libraries as soon as you're able to do so.
If you'd like to read more about the story behind this switch, please check out ]8;;https://farama.org/Announcing-Minari\this blog post]8;;\.
Warning: Flow failed to import. Set the environment variable D4RL_SUPPRESS_IMPORT_ERROR=1 to suppress this message.
No module named 'flow'
/home/user001/.conda/envs/decision-transformer-gym/lib/python3.8/site-packages/glfw/__init__.py:917: GLFWError: (65550) b'X11: The DISPLAY environment variable is missing'
  warnings.warn(message, GLFWError)
Warning: CARLA failed to import. Set the environment variable D4RL_SUPPRESS_IMPORT_ERROR=1 to suppress this message.
No module named 'carla'
/home/user001/.conda/envs/decision-transformer-gym/lib/python3.8/site-packages/gym/logger.py:30: UserWarning: [33mWARN: Box bound precision lowered by casting to float32[0m
  warnings.warn(colorize('%s: %s'%('WARN', msg % args), 'yellow'))
Traceback (most recent call last):
  File "experiment_test4.py", line 401, in <module>
    experiment('gym-experiment', variant=vars(args))
  File "experiment_test4.py", line 369, in experiment
    outputs,best_iter,best_ret,best_nor_ret = trainer.train_iteration(num_steps=variant['num_steps_per_iter'], iter_num=iter+1, best_iter=best_iter,best_ret=best_ret,
  File "/home/user001/wkb/offline_RL/decision-transformer/gym/decision_transformer/training/trainer.py", line 84, in train_iteration
    logger.log(f'{k}: {v}')
  File "/home/user001/wkb/offline_RL/decision-transformer/gym/logger.py", line 358, in log
    fd.flush()
OSError: [Errno 28] No space left on device
